Command line invocation:
    /Applications/Xcode.app/Contents/Developer/usr/bin/xcodebuild -project "ArXiv Finder.xcodeproj" -scheme "ArXiv Finder" -destination platform=macOS,arch=arm64 build

Resolve Package Graph


Resolved source packages:
  ArxivKit: https://github.com/ivicamil/ArxivKit.git @ 2.1.0

ComputePackagePrebuildTargetDependencyGraph

Prepare packages

CreateBuildRequest

SendProjectDescription

CreateBuildOperation

note: Writing build operation event stream to file: /Users/rogerlin/Library/Developer/Xcode/DerivedData/ArXiv_Finder-adzcawncfepnrbdfetjnyattsqbl/Build/Intermediates.noindex/XCBuildData/events/4A16A88F-C02E-49DF-A29F-F6A0BC220E32.txt
ComputeTargetDependencyGraph
note: Building targets in dependency order
note: Target dependency graph (4 targets)
    Target 'ArXiv Finder' in project 'ArXiv Finder'
        ➜ Explicit dependency on target 'ArxivKit' in project 'ArxivKit'
    Target 'ArxivKit' in project 'ArxivKit'
        ➜ Explicit dependency on target 'ArxivKit' in project 'ArxivKit'
        ➜ Explicit dependency on target 'ArxivKit_ArxivKit' in project 'ArxivKit'
    Target 'ArxivKit' in project 'ArxivKit'
        ➜ Explicit dependency on target 'ArxivKit_ArxivKit' in project 'ArxivKit'
    Target 'ArxivKit_ArxivKit' in project 'ArxivKit' (no dependencies)

GatherProvisioningInputs
Received inputs for target <ConfiguredTarget target: ArxivKit:PACKAGE-TARGET:ArxivKit parameters: SDKROOT:macosx-SDK_VARIANT:macos>: ProvisioningTaskInputs(identityHash: nil, identitySerialNumber: nil, identityName: nil, profileName: nil, profileUUID: nil, profilePath: nil, designatedRequirements: nil, signedEntitlements: PLDict<[:]>, simulatedEntitlements: PLDict<[:]>, appIdentifierPrefix: nil, teamIdentifierPrefix: nil, isEnterpriseTeam: Optional(false), useSigningTool: Optional(false), signingToolKeyPath: nil, signingToolKeyID: nil, signingToolKeyIssuerID: nil, keychainPath: nil, errors: [], warnings: [])
Received inputs for target <ConfiguredTarget target: ArxivKit:PACKAGE-PRODUCT:ArxivKit parameters: SDKROOT:macosx-SDK_VARIANT:macos>: ProvisioningTaskInputs(identityHash: nil, identitySerialNumber: nil, identityName: nil, profileName: nil, profileUUID: nil, profilePath: nil, designatedRequirements: nil, signedEntitlements: PLDict<[:]>, simulatedEntitlements: PLDict<[:]>, appIdentifierPrefix: nil, teamIdentifierPrefix: nil, isEnterpriseTeam: Optional(false), useSigningTool: Optional(false), signingToolKeyPath: nil, signingToolKeyID: nil, signingToolKeyIssuerID: nil, keychainPath: nil, errors: [], warnings: [])
Received inputs for target <ConfiguredTarget target: ArxivKit_ArxivKit:PACKAGE-RESOURCE:ArxivKit parameters: SDKROOT:macosx-SDK_VARIANT:macos>: ProvisioningTaskInputs(identityHash: nil, identitySerialNumber: nil, identityName: nil, profileName: nil, profileUUID: nil, profilePath: nil, designatedRequirements: nil, signedEntitlements: PLDict<[:]>, simulatedEntitlements: PLDict<[:]>, appIdentifierPrefix: nil, teamIdentifierPrefix: nil, isEnterpriseTeam: Optional(false), useSigningTool: nil, signingToolKeyPath: nil, signingToolKeyID: nil, signingToolKeyIssuerID: nil, keychainPath: nil, errors: [], warnings: [])
Received inputs for target <ConfiguredTarget target: ArXiv Finder:5ecd1e6e5bc7740f96419504df16110e03300274b138f8e32d16744b504d22ef>: ProvisioningTaskInputs(identityHash: Optional("78534EA7E1C52C11688B14ADF6EFD7D0F078E23C"), identitySerialNumber: Optional("B4C72D1CFE20B60B1C481E514AB6D76"), identityName: Optional("Apple Development: linroger022@gmail.com (6CHCQ5LN9Z)"), profileName: nil, profileUUID: nil, profilePath: nil, designatedRequirements: nil, signedEntitlements: PLDict<["com.apple.security.get-task-allow": true]>, simulatedEntitlements: PLDict<[:]>, appIdentifierPrefix: Optional("X8AD8YC886."), teamIdentifierPrefix: Optional("X8AD8YC886."), isEnterpriseTeam: Optional(false), useSigningTool: Optional(false), signingToolKeyPath: nil, signingToolKeyID: nil, signingToolKeyIssuerID: nil, keychainPath: nil, errors: [], warnings: [])

note: Build description signature is fa6de88757c50822eebf367c02324f1d
CreateBuildDescription

ExecuteExternalTool /Applications/Xcode.app/Contents/Developer/Toolchains/XcodeDefault.xctoolchain/usr/bin/clang -v -E -dM -isysroot /Applications/Xcode.app/Contents/Developer/Platforms/MacOSX.platform/Developer/SDKs/MacOSX26.1.sdk -x c -c /dev/null

ExecuteExternalTool /Applications/Xcode.app/Contents/Developer/usr/bin/actool --version --output-format xml1

ExecuteExternalTool /Applications/Xcode.app/Contents/Developer/Toolchains/XcodeDefault.xctoolchain/usr/bin/swiftc --version

ExecuteExternalTool /Applications/Xcode.app/Contents/Developer/Toolchains/XcodeDefault.xctoolchain/usr/bin/ld -version_details

ReadFileContents /Applications/Xcode.app/Contents/Developer/Toolchains/XcodeDefault.xctoolchain/usr/share/docc/features.json

Build description signature: fa6de88757c50822eebf367c02324f1d
Build description path: /Users/rogerlin/Library/Developer/Xcode/DerivedData/ArXiv_Finder-adzcawncfepnrbdfetjnyattsqbl/Build/Intermediates.noindex/XCBuildData/fa6de88757c50822eebf367c02324f1d.xcbuilddata
note: Using build service at: /Applications/Xcode.app/Contents/SharedFrameworks/SwiftBuild.framework/Versions/A/PlugIns/SWBBuildService.bundle/Contents/MacOS/SWBBuildService (PID 47225)
note: SWBBuildService loaded plugin at /Applications/Xcode.app/Contents/SharedFrameworks/SwiftBuild.framework/Versions/A/PlugIns/SWBBuildService.bundle/Contents/PlugIns/SWBWebAssemblyPlatformPlugin.bundle
note: SWBBuildService loaded plugin at /Applications/Xcode.app/Contents/SharedFrameworks/SwiftBuild.framework/Versions/A/PlugIns/SWBBuildService.bundle/Contents/PlugIns/SWBQNXPlatformPlugin.bundle
note: SWBBuildService loaded plugin at /Applications/Xcode.app/Contents/SharedFrameworks/SwiftBuild.framework/Versions/A/PlugIns/SWBBuildService.bundle/Contents/PlugIns/SWBGenericUnixPlatformPlugin.bundle
note: SWBBuildService loaded plugin at /Applications/Xcode.app/Contents/SharedFrameworks/SwiftBuild.framework/Versions/A/PlugIns/SWBBuildService.bundle/Contents/PlugIns/SWBWindowsPlatformPlugin.bundle
note: SWBBuildService loaded plugin at /Applications/Xcode.app/Contents/SharedFrameworks/SwiftBuild.framework/Versions/A/PlugIns/SWBBuildService.bundle/Contents/PlugIns/SWBUniversalPlatformPlugin.bundle
note: SWBBuildService loaded plugin at /Applications/Xcode.app/Contents/SharedFrameworks/SwiftBuild.framework/Versions/A/PlugIns/SWBBuildService.bundle/Contents/PlugIns/SWBApplePlatformPlugin.bundle
note: SWBBuildService loaded plugin at /Applications/Xcode.app/Contents/SharedFrameworks/SwiftBuild.framework/Versions/A/PlugIns/SWBBuildService.bundle/Contents/PlugIns/SWBAndroidPlatformPlugin.bundle
note: File system mode: device-agnostic
note: Applying overriding build settings
    ACTION=build
    CLANG_COVERAGE_MAPPING=YES
    CLANG_PROFILE_DATA_DIRECTORY=/Users/rogerlin/Library/Developer/Xcode/DerivedData/ArXiv_Finder-adzcawncfepnrbdfetjnyattsqbl/Build/ProfileData
    ENABLE_PREVIEWS=NO
    ENABLE_XOJIT_PREVIEWS=YES
    ONLY_ACTIVE_ARCH=YES
    TOOLCHAINS=com.apple.dt.toolchain.Metal.32023 $(inherited)
note: build debugging is enabled, prior trace: '/Users/rogerlin/Library/Developer/Xcode/DerivedData/ArXiv_Finder-adzcawncfepnrbdfetjnyattsqbl/Build/Intermediates.noindex/XCBuildData/buildDebugging-1765504026.697628/prior-build.trace'
note: build debugging is enabled, prior database: '/Users/rogerlin/Library/Developer/Xcode/DerivedData/ArXiv_Finder-adzcawncfepnrbdfetjnyattsqbl/Build/Intermediates.noindex/XCBuildData/buildDebugging-1765504026.697628/prior-build.db'
note: build debugging is enabled, swiftbuilddata: '/Users/rogerlin/Library/Developer/Xcode/DerivedData/ArXiv_Finder-adzcawncfepnrbdfetjnyattsqbl/Build/Intermediates.noindex/XCBuildData/buildDebugging-1765504026.697628/current-manifest.swiftbuilddata'
ProcessInfoPlistFile /Users/rogerlin/Library/Developer/Xcode/DerivedData/ArXiv_Finder-adzcawncfepnrbdfetjnyattsqbl/Build/Products/Debug/ArxivKit_ArxivKit.bundle/Contents/Info.plist /Users/rogerlin/Library/Developer/Xcode/DerivedData/ArXiv_Finder-adzcawncfepnrbdfetjnyattsqbl/Build/Intermediates.noindex/ArxivKit.build/Debug/ArxivKit_ArxivKit.build/empty-ArxivKit_ArxivKit.plist (in target 'ArxivKit_ArxivKit' from project 'ArxivKit')
    cd /Users/rogerlin/Library/Developer/Xcode/DerivedData/ArXiv_Finder-adzcawncfepnrbdfetjnyattsqbl/SourcePackages/checkouts/ArxivKit
    builtin-infoPlistUtility /Users/rogerlin/Library/Developer/Xcode/DerivedData/ArXiv_Finder-adzcawncfepnrbdfetjnyattsqbl/Build/Intermediates.noindex/ArxivKit.build/Debug/ArxivKit_ArxivKit.build/empty-ArxivKit_ArxivKit.plist -producttype com.apple.product-type.bundle -expandbuildsettings -platform macosx -o /Users/rogerlin/Library/Developer/Xcode/DerivedData/ArXiv_Finder-adzcawncfepnrbdfetjnyattsqbl/Build/Products/Debug/ArxivKit_ArxivKit.bundle/Contents/Info.plist

    Task input dependencies:
        /Users/rogerlin/Library/Developer/Xcode/DerivedData/ArXiv_Finder-adzcawncfepnrbdfetjnyattsqbl/Build/Intermediates.noindex/ArxivKit.build/Debug/ArxivKit_ArxivKit.build/empty-ArxivKit_ArxivKit.plist

    Task output dependencies:
        /Users/rogerlin/Library/Developer/Xcode/DerivedData/ArXiv_Finder-adzcawncfepnrbdfetjnyattsqbl/Build/Products/Debug/ArxivKit_ArxivKit.bundle/Contents/Info.plist

ClangStatCache /Applications/Xcode.app/Contents/Developer/Toolchains/XcodeDefault.xctoolchain/usr/bin/clang-stat-cache /Applications/Xcode.app/Contents/Developer/Platforms/MacOSX.platform/Developer/SDKs/MacOSX26.1.sdk /Users/rogerlin/Library/Developer/Xcode/DerivedData/SDKStatCaches.noindex/macosx26.1-25B74-3885c01c3e6b6a337905948deab2002e3ae1261907bdadc328169391a47051a6.sdkstatcache
    cd /Users/rogerlin/XCode-Projects/ArXiv-Finder/ArXiv\ Finder.xcodeproj
    /Applications/Xcode.app/Contents/Developer/Toolchains/XcodeDefault.xctoolchain/usr/bin/clang-stat-cache /Applications/Xcode.app/Contents/Developer/Platforms/MacOSX.platform/Developer/SDKs/MacOSX26.1.sdk -o /Users/rogerlin/Library/Developer/Xcode/DerivedData/SDKStatCaches.noindex/macosx26.1-25B74-3885c01c3e6b6a337905948deab2002e3ae1261907bdadc328169391a47051a6.sdkstatcache

    Task input dependencies:

    Task output dependencies:
        /Users/rogerlin/Library/Developer/Xcode/DerivedData/SDKStatCaches.noindex/macosx26.1-25B74-3885c01c3e6b6a337905948deab2002e3ae1261907bdadc328169391a47051a6.sdkstatcache

Ld /Users/rogerlin/Library/Developer/Xcode/DerivedData/ArXiv_Finder-adzcawncfepnrbdfetjnyattsqbl/Build/Products/Debug/ArxivKit.o normal (in target 'ArxivKit' from project 'ArxivKit')
    cd /Users/rogerlin/Library/Developer/Xcode/DerivedData/ArXiv_Finder-adzcawncfepnrbdfetjnyattsqbl/SourcePackages/checkouts/ArxivKit
    /Applications/Xcode.app/Contents/Developer/Toolchains/XcodeDefault.xctoolchain/usr/bin/clang -Xlinker -reproducible -target arm64-apple-macos11.0 -r -isysroot /Applications/Xcode.app/Contents/Developer/Platforms/MacOSX.platform/Developer/SDKs/MacOSX26.1.sdk -O0 -w -L/Users/rogerlin/Library/Developer/Xcode/DerivedData/ArXiv_Finder-adzcawncfepnrbdfetjnyattsqbl/Build/Intermediates.noindex/EagerLinkingTBDs/Debug -L/Users/rogerlin/Library/Developer/Xcode/DerivedData/ArXiv_Finder-adzcawncfepnrbdfetjnyattsqbl/Build/Products/Debug -L/Applications/Xcode.app/Contents/Developer/Platforms/MacOSX.platform/Developer/usr/lib -F/Users/rogerlin/Library/Developer/Xcode/DerivedData/ArXiv_Finder-adzcawncfepnrbdfetjnyattsqbl/Build/Intermediates.noindex/EagerLinkingTBDs/Debug -F/Users/rogerlin/Library/Developer/Xcode/DerivedData/ArXiv_Finder-adzcawncfepnrbdfetjnyattsqbl/Build/Products/Debug -iframework /Applications/Xcode.app/Contents/Developer/Platforms/MacOSX.platform/Developer/Library/Frameworks -filelist /Users/rogerlin/Library/Developer/Xcode/DerivedData/ArXiv_Finder-adzcawncfepnrbdfetjnyattsqbl/Build/Intermediates.noindex/ArxivKit.build/Debug/ArxivKit.build/Objects-normal/arm64/ArxivKit.LinkFileList -nostdlib -Xlinker -object_path_lto -Xlinker /Users/rogerlin/Library/Developer/Xcode/DerivedData/ArXiv_Finder-adzcawncfepnrbdfetjnyattsqbl/Build/Intermediates.noindex/ArxivKit.build/Debug/ArxivKit.build/Objects-normal/arm64/ArxivKit_lto.o -rdynamic -Xlinker -no_deduplicate -Xlinker -debug_variant -Xlinker -dependency_info -Xlinker /Users/rogerlin/Library/Developer/Xcode/DerivedData/ArXiv_Finder-adzcawncfepnrbdfetjnyattsqbl/Build/Intermediates.noindex/ArxivKit.build/Debug/ArxivKit.build/Objects-normal/arm64/ArxivKit_dependency_info.dat -fobjc-link-runtime -L/Applications/Xcode.app/Contents/Developer/Toolchains/XcodeDefault.xctoolchain/usr/lib/swift/macosx -L/usr/lib/swift -Xlinker -add_ast_path -Xlinker /Users/rogerlin/Library/Developer/Xcode/DerivedData/ArXiv_Finder-adzcawncfepnrbdfetjnyattsqbl/Build/Intermediates.noindex/ArxivKit.build/Debug/ArxivKit.build/Objects-normal/arm64/ArxivKit.swiftmodule @/Users/rogerlin/Library/Developer/Xcode/DerivedData/ArXiv_Finder-adzcawncfepnrbdfetjnyattsqbl/Build/Intermediates.noindex/ArxivKit.build/Debug/ArxivKit.build/Objects-normal/arm64/ArxivKit-linker-args.resp -o /Users/rogerlin/Library/Developer/Xcode/DerivedData/ArXiv_Finder-adzcawncfepnrbdfetjnyattsqbl/Build/Products/Debug/ArxivKit.o

    Task input dependencies:
        /Users/rogerlin/Library/Developer/Xcode/DerivedData/ArXiv_Finder-adzcawncfepnrbdfetjnyattsqbl/Build/Intermediates.noindex/ArxivKit.build/Debug/ArxivKit.build/Objects-normal/arm64/resource_bundle_accessor.o
        /Users/rogerlin/Library/Developer/Xcode/DerivedData/ArXiv_Finder-adzcawncfepnrbdfetjnyattsqbl/Build/Intermediates.noindex/ArxivKit.build/Debug/ArxivKit.build/Objects-normal/arm64/Error.o
        /Users/rogerlin/Library/Developer/Xcode/DerivedData/ArXiv_Finder-adzcawncfepnrbdfetjnyattsqbl/Build/Intermediates.noindex/ArxivKit.build/Debug/ArxivKit.build/Objects-normal/arm64/FeedConstants.o
        /Users/rogerlin/Library/Developer/Xcode/DerivedData/ArXiv_Finder-adzcawncfepnrbdfetjnyattsqbl/Build/Intermediates.noindex/ArxivKit.build/Debug/ArxivKit.build/Objects-normal/arm64/PastPeriodFromNow.o
        /Users/rogerlin/Library/Developer/Xcode/DerivedData/ArXiv_Finder-adzcawncfepnrbdfetjnyattsqbl/Build/Intermediates.noindex/ArxivKit.build/Debug/ArxivKit.build/Objects-normal/arm64/String-Utilities.o
        /Users/rogerlin/Library/Developer/Xcode/DerivedData/ArXiv_Finder-adzcawncfepnrbdfetjnyattsqbl/Build/Intermediates.noindex/ArxivKit.build/Debug/ArxivKit.build/Objects-normal/arm64/Subjects-Utilities.o
        /Users/rogerlin/Library/Developer/Xcode/DerivedData/ArXiv_Finder-adzcawncfepnrbdfetjnyattsqbl/Build/Intermediates.noindex/ArxivKit.build/Debug/ArxivKit.build/Objects-normal/arm64/Utilities.o
        /Users/rogerlin/Library/Developer/Xcode/DerivedData/ArXiv_Finder-adzcawncfepnrbdfetjnyattsqbl/Build/Intermediates.noindex/ArxivKit.build/Debug/ArxivKit.build/Objects-normal/arm64/ArxivEntry.o
        /Users/rogerlin/Library/Developer/Xcode/DerivedData/ArXiv_Finder-adzcawncfepnrbdfetjnyattsqbl/Build/Intermediates.noindex/ArxivKit.build/Debug/ArxivKit.build/Objects-normal/arm64/ArxivParser.o
        /Users/rogerlin/Library/Developer/Xcode/DerivedData/ArXiv_Finder-adzcawncfepnrbdfetjnyattsqbl/Build/Intermediates.noindex/ArxivKit.build/Debug/ArxivKit.build/Objects-normal/arm64/ArxivResponse.o
        /Users/rogerlin/Library/Developer/Xcode/DerivedData/ArXiv_Finder-adzcawncfepnrbdfetjnyattsqbl/Build/Intermediates.noindex/ArxivKit.build/Debug/ArxivKit.build/Objects-normal/arm64/ArxivQuery.o
        /Users/rogerlin/Library/Developer/Xcode/DerivedData/ArXiv_Finder-adzcawncfepnrbdfetjnyattsqbl/Build/Intermediates.noindex/ArxivKit.build/Debug/ArxivKit.build/Objects-normal/arm64/ArxivQueryBuilder.o
        /Users/rogerlin/Library/Developer/Xcode/DerivedData/ArXiv_Finder-adzcawncfepnrbdfetjnyattsqbl/Build/Intermediates.noindex/ArxivKit.build/Debug/ArxivKit.build/Objects-normal/arm64/ArxivQueryTree.o
        /Users/rogerlin/Library/Developer/Xcode/DerivedData/ArXiv_Finder-adzcawncfepnrbdfetjnyattsqbl/Build/Intermediates.noindex/ArxivKit.build/Debug/ArxivKit.build/Objects-normal/arm64/ArxivIdList.o
        /Users/rogerlin/Library/Developer/Xcode/DerivedData/ArXiv_Finder-adzcawncfepnrbdfetjnyattsqbl/Build/Intermediates.noindex/ArxivKit.build/Debug/ArxivKit.build/Objects-normal/arm64/ArxivRequest.o
        /Users/rogerlin/Library/Developer/Xcode/DerivedData/ArXiv_Finder-adzcawncfepnrbdfetjnyattsqbl/Build/Intermediates.noindex/ArxivKit.build/Debug/ArxivKit.build/Objects-normal/arm64/ArxivRequestSpecification.o
        /Users/rogerlin/Library/Developer/Xcode/DerivedData/ArXiv_Finder-adzcawncfepnrbdfetjnyattsqbl/Build/Intermediates.noindex/ArxivKit.build/Debug/ArxivKit.build/Objects-normal/arm64/ArxivFetchAsync.o
        /Users/rogerlin/Library/Developer/Xcode/DerivedData/ArXiv_Finder-adzcawncfepnrbdfetjnyattsqbl/Build/Intermediates.noindex/ArxivKit.build/Debug/ArxivKit.build/Objects-normal/arm64/ArxivFetchTask.o
        /Users/rogerlin/Library/Developer/Xcode/DerivedData/ArXiv_Finder-adzcawncfepnrbdfetjnyattsqbl/Build/Intermediates.noindex/ArxivKit.build/Debug/ArxivKit.build/Objects-normal/arm64/ArxivSession.o
        /Users/rogerlin/Library/Developer/Xcode/DerivedData/ArXiv_Finder-adzcawncfepnrbdfetjnyattsqbl/Build/Intermediates.noindex/ArxivKit.build/Debug/ArxivKit.build/Objects-normal/arm64/ArxivSubject-Constants.o
        /Users/rogerlin/Library/Developer/Xcode/DerivedData/ArXiv_Finder-adzcawncfepnrbdfetjnyattsqbl/Build/Intermediates.noindex/ArxivKit.build/Debug/ArxivKit.build/Objects-normal/arm64/ArxivSubject.o
        /Users/rogerlin/Library/Developer/Xcode/DerivedData/ArXiv_Finder-adzcawncfepnrbdfetjnyattsqbl/Build/Intermediates.noindex/ArxivKit.build/Debug/ArxivKit.build/Objects-normal/arm64/ArxivKit.LinkFileList
        /Users/rogerlin/Library/Developer/Xcode/DerivedData/ArXiv_Finder-adzcawncfepnrbdfetjnyattsqbl/Build/Products/Debug

    Task output dependencies:
        /Users/rogerlin/Library/Developer/Xcode/DerivedData/ArXiv_Finder-adzcawncfepnrbdfetjnyattsqbl/Build/Products/Debug/ArxivKit.o
        /Users/rogerlin/Library/Developer/Xcode/DerivedData/ArXiv_Finder-adzcawncfepnrbdfetjnyattsqbl/Build/Intermediates.noindex/ArxivKit.build/Debug/ArxivKit.build/Objects-normal/arm64/ArxivKit_lto.o
        /Users/rogerlin/Library/Developer/Xcode/DerivedData/ArXiv_Finder-adzcawncfepnrbdfetjnyattsqbl/Build/Intermediates.noindex/ArxivKit.build/Debug/ArxivKit.build/Objects-normal/arm64/ArxivKit_dependency_info.dat

ExtractAppIntentsMetadata (in target 'ArxivKit' from project 'ArxivKit')
    cd /Users/rogerlin/Library/Developer/Xcode/DerivedData/ArXiv_Finder-adzcawncfepnrbdfetjnyattsqbl/SourcePackages/checkouts/ArxivKit
    /Applications/Xcode.app/Contents/Developer/Toolchains/XcodeDefault.xctoolchain/usr/bin/appintentsmetadataprocessor --toolchain-dir /var/run/com.apple.security.cryptexd/mnt/com.apple.MobileAsset.MetalToolchain-v17.2.54.0.cxfLyY/Metal.xctoolchain --module-name ArxivKit --sdk-root /Applications/Xcode.app/Contents/Developer/Platforms/MacOSX.platform/Developer/SDKs/MacOSX26.1.sdk --xcode-version 17B100 --platform-family macOS --deployment-target 11.0 --bundle-identifier arxivkit.ArxivKit --output /Users/rogerlin/Library/Developer/Xcode/DerivedData/ArXiv_Finder-adzcawncfepnrbdfetjnyattsqbl/Build/Products/Debug/ArxivKit.appintents --target-triple arm64-apple-macos11.0 --binary-file /Users/rogerlin/Library/Developer/Xcode/DerivedData/ArXiv_Finder-adzcawncfepnrbdfetjnyattsqbl/Build/Products/Debug/ArxivKit.o --dependency-file /Users/rogerlin/Library/Developer/Xcode/DerivedData/ArXiv_Finder-adzcawncfepnrbdfetjnyattsqbl/Build/Intermediates.noindex/ArxivKit.build/Debug/ArxivKit.build/Objects-normal/arm64/ArxivKit_dependency_info.dat --stringsdata-file /Users/rogerlin/Library/Developer/Xcode/DerivedData/ArXiv_Finder-adzcawncfepnrbdfetjnyattsqbl/Build/Intermediates.noindex/ArxivKit.build/Debug/ArxivKit.build/Objects-normal/arm64/ExtractedAppShortcutsMetadata.stringsdata --source-file-list /Users/rogerlin/Library/Developer/Xcode/DerivedData/ArXiv_Finder-adzcawncfepnrbdfetjnyattsqbl/Build/Intermediates.noindex/ArxivKit.build/Debug/ArxivKit.build/Objects-normal/arm64/ArxivKit.SwiftFileList --metadata-file-list /Users/rogerlin/Library/Developer/Xcode/DerivedData/ArXiv_Finder-adzcawncfepnrbdfetjnyattsqbl/Build/Intermediates.noindex/ArxivKit.build/Debug/ArxivKit.build/ArxivKit.DependencyMetadataFileList --static-metadata-file-list /Users/rogerlin/Library/Developer/Xcode/DerivedData/ArXiv_Finder-adzcawncfepnrbdfetjnyattsqbl/Build/Intermediates.noindex/ArxivKit.build/Debug/ArxivKit.build/ArxivKit.DependencyStaticMetadataFileList --swift-const-vals-list /Users/rogerlin/Library/Developer/Xcode/DerivedData/ArXiv_Finder-adzcawncfepnrbdfetjnyattsqbl/Build/Intermediates.noindex/ArxivKit.build/Debug/ArxivKit.build/Objects-normal/arm64/ArxivKit.SwiftConstValuesFileList --force --compile-time-extraction --deployment-aware-processing --validate-assistant-intents --no-app-shortcuts-localization

    Task input dependencies:
        /Users/rogerlin/Library/Developer/Xcode/DerivedData/ArXiv_Finder-adzcawncfepnrbdfetjnyattsqbl/SourcePackages/checkouts/ArxivKit/Sources/ArxivKit/Misc/Error.swift
        /Users/rogerlin/Library/Developer/Xcode/DerivedData/ArXiv_Finder-adzcawncfepnrbdfetjnyattsqbl/SourcePackages/checkouts/ArxivKit/Sources/ArxivKit/Misc/FeedConstants.swift
        /Users/rogerlin/Library/Developer/Xcode/DerivedData/ArXiv_Finder-adzcawncfepnrbdfetjnyattsqbl/SourcePackages/checkouts/ArxivKit/Sources/ArxivKit/Misc/PastPeriodFromNow.swift
        /Users/rogerlin/Library/Developer/Xcode/DerivedData/ArXiv_Finder-adzcawncfepnrbdfetjnyattsqbl/SourcePackages/checkouts/ArxivKit/Sources/ArxivKit/Misc/String-Utilities.swift
        /Users/rogerlin/Library/Developer/Xcode/DerivedData/ArXiv_Finder-adzcawncfepnrbdfetjnyattsqbl/SourcePackages/checkouts/ArxivKit/Sources/ArxivKit/Misc/Subjects-Utilities.swift
        /Users/rogerlin/Library/Developer/Xcode/DerivedData/ArXiv_Finder-adzcawncfepnrbdfetjnyattsqbl/SourcePackages/checkouts/ArxivKit/Sources/ArxivKit/Misc/Utilities.swift
        /Users/rogerlin/Library/Developer/Xcode/DerivedData/ArXiv_Finder-adzcawncfepnrbdfetjnyattsqbl/SourcePackages/checkouts/ArxivKit/Sources/ArxivKit/Parser/ArxivEntry.swift
        /Users/rogerlin/Library/Developer/Xcode/DerivedData/ArXiv_Finder-adzcawncfepnrbdfetjnyattsqbl/SourcePackages/checkouts/ArxivKit/Sources/ArxivKit/Parser/ArxivParser.swift
        /Users/rogerlin/Library/Developer/Xcode/DerivedData/ArXiv_Finder-adzcawncfepnrbdfetjnyattsqbl/SourcePackages/checkouts/ArxivKit/Sources/ArxivKit/Parser/ArxivResponse.swift
        /Users/rogerlin/Library/Developer/Xcode/DerivedData/ArXiv_Finder-adzcawncfepnrbdfetjnyattsqbl/SourcePackages/checkouts/ArxivKit/Sources/ArxivKit/Query/ArxivQuery.swift
        /Users/rogerlin/Library/Developer/Xcode/DerivedData/ArXiv_Finder-adzcawncfepnrbdfetjnyattsqbl/SourcePackages/checkouts/ArxivKit/Sources/ArxivKit/Query/ArxivQueryBuilder.swift
        /Users/rogerlin/Library/Developer/Xcode/DerivedData/ArXiv_Finder-adzcawncfepnrbdfetjnyattsqbl/SourcePackages/checkouts/ArxivKit/Sources/ArxivKit/Query/ArxivQueryTree.swift
        /Users/rogerlin/Library/Developer/Xcode/DerivedData/ArXiv_Finder-adzcawncfepnrbdfetjnyattsqbl/SourcePackages/checkouts/ArxivKit/Sources/ArxivKit/Request/ArxivIdList.swift
        /Users/rogerlin/Library/Developer/Xcode/DerivedData/ArXiv_Finder-adzcawncfepnrbdfetjnyattsqbl/SourcePackages/checkouts/ArxivKit/Sources/ArxivKit/Request/ArxivRequest.swift
        /Users/rogerlin/Library/Developer/Xcode/DerivedData/ArXiv_Finder-adzcawncfepnrbdfetjnyattsqbl/SourcePackages/checkouts/ArxivKit/Sources/ArxivKit/Request/ArxivRequestSpecification.swift
        /Users/rogerlin/Library/Developer/Xcode/DerivedData/ArXiv_Finder-adzcawncfepnrbdfetjnyattsqbl/SourcePackages/checkouts/ArxivKit/Sources/ArxivKit/Session/ArxivFetchAsync.swift
        /Users/rogerlin/Library/Developer/Xcode/DerivedData/ArXiv_Finder-adzcawncfepnrbdfetjnyattsqbl/SourcePackages/checkouts/ArxivKit/Sources/ArxivKit/Session/ArxivFetchTask.swift
        /Users/rogerlin/Library/Developer/Xcode/DerivedData/ArXiv_Finder-adzcawncfepnrbdfetjnyattsqbl/SourcePackages/checkouts/ArxivKit/Sources/ArxivKit/Session/ArxivSession.swift
        /Users/rogerlin/Library/Developer/Xcode/DerivedData/ArXiv_Finder-adzcawncfepnrbdfetjnyattsqbl/SourcePackages/checkouts/ArxivKit/Sources/ArxivKit/Subject/ArxivSubject-Constants.swift
        /Users/rogerlin/Library/Developer/Xcode/DerivedData/ArXiv_Finder-adzcawncfepnrbdfetjnyattsqbl/SourcePackages/checkouts/ArxivKit/Sources/ArxivKit/Subject/ArxivSubject.swift
        /Users/rogerlin/Library/Developer/Xcode/DerivedData/ArXiv_Finder-adzcawncfepnrbdfetjnyattsqbl/Build/Intermediates.noindex/ArxivKit.build/Debug/ArxivKit.build/Objects-normal/arm64/resource_bundle_accessor.swiftconstvalues
        /Users/rogerlin/Library/Developer/Xcode/DerivedData/ArXiv_Finder-adzcawncfepnrbdfetjnyattsqbl/Build/Intermediates.noindex/ArxivKit.build/Debug/ArxivKit.build/Objects-normal/arm64/Error.swiftconstvalues
        /Users/rogerlin/Library/Developer/Xcode/DerivedData/ArXiv_Finder-adzcawncfepnrbdfetjnyattsqbl/Build/Intermediates.noindex/ArxivKit.build/Debug/ArxivKit.build/Objects-normal/arm64/FeedConstants.swiftconstvalues
        /Users/rogerlin/Library/Developer/Xcode/DerivedData/ArXiv_Finder-adzcawncfepnrbdfetjnyattsqbl/Build/Intermediates.noindex/ArxivKit.build/Debug/ArxivKit.build/Objects-normal/arm64/PastPeriodFromNow.swiftconstvalues
        /Users/rogerlin/Library/Developer/Xcode/DerivedData/ArXiv_Finder-adzcawncfepnrbdfetjnyattsqbl/Build/Intermediates.noindex/ArxivKit.build/Debug/ArxivKit.build/Objects-normal/arm64/String-Utilities.swiftconstvalues
        /Users/rogerlin/Library/Developer/Xcode/DerivedData/ArXiv_Finder-adzcawncfepnrbdfetjnyattsqbl/Build/Intermediates.noindex/ArxivKit.build/Debug/ArxivKit.build/Objects-normal/arm64/Subjects-Utilities.swiftconstvalues
        /Users/rogerlin/Library/Developer/Xcode/DerivedData/ArXiv_Finder-adzcawncfepnrbdfetjnyattsqbl/Build/Intermediates.noindex/ArxivKit.build/Debug/ArxivKit.build/Objects-normal/arm64/Utilities.swiftconstvalues
        /Users/rogerlin/Library/Developer/Xcode/DerivedData/ArXiv_Finder-adzcawncfepnrbdfetjnyattsqbl/Build/Intermediates.noindex/ArxivKit.build/Debug/ArxivKit.build/Objects-normal/arm64/ArxivEntry.swiftconstvalues
        /Users/rogerlin/Library/Developer/Xcode/DerivedData/ArXiv_Finder-adzcawncfepnrbdfetjnyattsqbl/Build/Intermediates.noindex/ArxivKit.build/Debug/ArxivKit.build/Objects-normal/arm64/ArxivParser.swiftconstvalues
        /Users/rogerlin/Library/Developer/Xcode/DerivedData/ArXiv_Finder-adzcawncfepnrbdfetjnyattsqbl/Build/Intermediates.noindex/ArxivKit.build/Debug/ArxivKit.build/Objects-normal/arm64/ArxivResponse.swiftconstvalues
        /Users/rogerlin/Library/Developer/Xcode/DerivedData/ArXiv_Finder-adzcawncfepnrbdfetjnyattsqbl/Build/Intermediates.noindex/ArxivKit.build/Debug/ArxivKit.build/Objects-normal/arm64/ArxivQuery.swiftconstvalues
        /Users/rogerlin/Library/Developer/Xcode/DerivedData/ArXiv_Finder-adzcawncfepnrbdfetjnyattsqbl/Build/Intermediates.noindex/ArxivKit.build/Debug/ArxivKit.build/Objects-normal/arm64/ArxivQueryBuilder.swiftconstvalues
        /Users/rogerlin/Library/Developer/Xcode/DerivedData/ArXiv_Finder-adzcawncfepnrbdfetjnyattsqbl/Build/Intermediates.noindex/ArxivKit.build/Debug/ArxivKit.build/Objects-normal/arm64/ArxivQueryTree.swiftconstvalues
        /Users/rogerlin/Library/Developer/Xcode/DerivedData/ArXiv_Finder-adzcawncfepnrbdfetjnyattsqbl/Build/Intermediates.noindex/ArxivKit.build/Debug/ArxivKit.build/Objects-normal/arm64/ArxivIdList.swiftconstvalues
        /Users/rogerlin/Library/Developer/Xcode/DerivedData/ArXiv_Finder-adzcawncfepnrbdfetjnyattsqbl/Build/Intermediates.noindex/ArxivKit.build/Debug/ArxivKit.build/Objects-normal/arm64/ArxivRequest.swiftconstvalues
        /Users/rogerlin/Library/Developer/Xcode/DerivedData/ArXiv_Finder-adzcawncfepnrbdfetjnyattsqbl/Build/Intermediates.noindex/ArxivKit.build/Debug/ArxivKit.build/Objects-normal/arm64/ArxivRequestSpecification.swiftconstvalues
        /Users/rogerlin/Library/Developer/Xcode/DerivedData/ArXiv_Finder-adzcawncfepnrbdfetjnyattsqbl/Build/Intermediates.noindex/ArxivKit.build/Debug/ArxivKit.build/Objects-normal/arm64/ArxivFetchAsync.swiftconstvalues
        /Users/rogerlin/Library/Developer/Xcode/DerivedData/ArXiv_Finder-adzcawncfepnrbdfetjnyattsqbl/Build/Intermediates.noindex/ArxivKit.build/Debug/ArxivKit.build/Objects-normal/arm64/ArxivFetchTask.swiftconstvalues
        /Users/rogerlin/Library/Developer/Xcode/DerivedData/ArXiv_Finder-adzcawncfepnrbdfetjnyattsqbl/Build/Intermediates.noindex/ArxivKit.build/Debug/ArxivKit.build/Objects-normal/arm64/ArxivSession.swiftconstvalues
        /Users/rogerlin/Library/Developer/Xcode/DerivedData/ArXiv_Finder-adzcawncfepnrbdfetjnyattsqbl/Build/Intermediates.noindex/ArxivKit.build/Debug/ArxivKit.build/Objects-normal/arm64/ArxivSubject-Constants.swiftconstvalues
        /Users/rogerlin/Library/Developer/Xcode/DerivedData/ArXiv_Finder-adzcawncfepnrbdfetjnyattsqbl/Build/Intermediates.noindex/ArxivKit.build/Debug/ArxivKit.build/Objects-normal/arm64/ArxivSubject.swiftconstvalues
        /Users/rogerlin/Library/Developer/Xcode/DerivedData/ArXiv_Finder-adzcawncfepnrbdfetjnyattsqbl/Build/Products/Debug/ArxivKit.o
        /Users/rogerlin/Library/Developer/Xcode/DerivedData/ArXiv_Finder-adzcawncfepnrbdfetjnyattsqbl/Build/Intermediates.noindex/ArxivKit.build/Debug/ArxivKit.build/ArxivKit.DependencyMetadataFileList
        /Users/rogerlin/Library/Developer/Xcode/DerivedData/ArXiv_Finder-adzcawncfepnrbdfetjnyattsqbl/Build/Intermediates.noindex/ArxivKit.build/Debug/ArxivKit.build/ArxivKit.DependencyStaticMetadataFileList
        /Users/rogerlin/Library/Developer/Xcode/DerivedData/ArXiv_Finder-adzcawncfepnrbdfetjnyattsqbl/Build/Intermediates.noindex/ArxivKit.build/Debug/ArxivKit.build/Objects-normal/arm64/ArxivKit_dependency_info.dat
        /Users/rogerlin/Library/Developer/Xcode/DerivedData/ArXiv_Finder-adzcawncfepnrbdfetjnyattsqbl/Build/Intermediates.noindex/ArxivKit.build/Debug/ArxivKit.build/Objects-normal/arm64/ArxivKit.SwiftFileList
        /Users/rogerlin/Library/Developer/Xcode/DerivedData/ArXiv_Finder-adzcawncfepnrbdfetjnyattsqbl/Build/Intermediates.noindex/ArxivKit.build/Debug/ArxivKit.build/Objects-normal/arm64/ArxivKit.SwiftConstValuesFileList

    Task output dependencies:
        /Users/rogerlin/Library/Developer/Xcode/DerivedData/ArXiv_Finder-adzcawncfepnrbdfetjnyattsqbl/Build/Intermediates.noindex/ArxivKit.build/Debug/ArxivKit.build/Objects-normal/arm64/ExtractedAppShortcutsMetadata.stringsdata
2025-12-11 17:47:06.771 appintentsmetadataprocessor[47236:2936798] Starting appintentsmetadataprocessor export
2025-12-11 17:47:06.850 appintentsmetadataprocessor[47236:2936798] Extracted no relevant App Intents symbols, skipping writing output

RegisterExecutionPolicyException /Users/rogerlin/Library/Developer/Xcode/DerivedData/ArXiv_Finder-adzcawncfepnrbdfetjnyattsqbl/Build/Products/Debug/ArxivKit.o (in target 'ArxivKit' from project 'ArxivKit')
    cd /Users/rogerlin/Library/Developer/Xcode/DerivedData/ArXiv_Finder-adzcawncfepnrbdfetjnyattsqbl/SourcePackages/checkouts/ArxivKit
    builtin-RegisterExecutionPolicyException /Users/rogerlin/Library/Developer/Xcode/DerivedData/ArXiv_Finder-adzcawncfepnrbdfetjnyattsqbl/Build/Products/Debug/ArxivKit.o

    Task input dependencies:
        /Users/rogerlin/Library/Developer/Xcode/DerivedData/ArXiv_Finder-adzcawncfepnrbdfetjnyattsqbl/Build/Products/Debug/ArxivKit.o

    Task output dependencies:

ProcessProductPackaging "" /Users/rogerlin/Library/Developer/Xcode/DerivedData/ArXiv_Finder-adzcawncfepnrbdfetjnyattsqbl/Build/Intermediates.noindex/ArXiv\ Finder.build/Debug/ArXiv\ Finder.build/ArXiv\ Finder.app.xcent (in target 'ArXiv Finder' from project 'ArXiv Finder')
    cd /Users/rogerlin/XCode-Projects/ArXiv-Finder
    
    Entitlements:
    
    {
    "com.apple.security.get-task-allow" = 1;
}
    
    builtin-productPackagingUtility -entitlements -format xml -o /Users/rogerlin/Library/Developer/Xcode/DerivedData/ArXiv_Finder-adzcawncfepnrbdfetjnyattsqbl/Build/Intermediates.noindex/ArXiv\ Finder.build/Debug/ArXiv\ Finder.build/ArXiv\ Finder.app.xcent

    Task input dependencies:
        /Users/rogerlin/Library/Developer/Xcode/DerivedData/ArXiv_Finder-adzcawncfepnrbdfetjnyattsqbl/Build/Intermediates.noindex/ArXiv Finder.build/Debug/ArXiv Finder.build/DerivedSources/Entitlements.plist

    Task output dependencies:
        /Users/rogerlin/Library/Developer/Xcode/DerivedData/ArXiv_Finder-adzcawncfepnrbdfetjnyattsqbl/Build/Intermediates.noindex/ArXiv Finder.build/Debug/ArXiv Finder.build/ArXiv Finder.app.xcent

ProcessProductPackagingDER /Users/rogerlin/Library/Developer/Xcode/DerivedData/ArXiv_Finder-adzcawncfepnrbdfetjnyattsqbl/Build/Intermediates.noindex/ArXiv\ Finder.build/Debug/ArXiv\ Finder.build/ArXiv\ Finder.app.xcent /Users/rogerlin/Library/Developer/Xcode/DerivedData/ArXiv_Finder-adzcawncfepnrbdfetjnyattsqbl/Build/Intermediates.noindex/ArXiv\ Finder.build/Debug/ArXiv\ Finder.build/ArXiv\ Finder.app.xcent.der (in target 'ArXiv Finder' from project 'ArXiv Finder')
    cd /Users/rogerlin/XCode-Projects/ArXiv-Finder
    /usr/bin/derq query -f xml -i /Users/rogerlin/Library/Developer/Xcode/DerivedData/ArXiv_Finder-adzcawncfepnrbdfetjnyattsqbl/Build/Intermediates.noindex/ArXiv\ Finder.build/Debug/ArXiv\ Finder.build/ArXiv\ Finder.app.xcent -o /Users/rogerlin/Library/Developer/Xcode/DerivedData/ArXiv_Finder-adzcawncfepnrbdfetjnyattsqbl/Build/Intermediates.noindex/ArXiv\ Finder.build/Debug/ArXiv\ Finder.build/ArXiv\ Finder.app.xcent.der --raw

    Task input dependencies:
        /Users/rogerlin/Library/Developer/Xcode/DerivedData/ArXiv_Finder-adzcawncfepnrbdfetjnyattsqbl/Build/Intermediates.noindex/ArXiv Finder.build/Debug/ArXiv Finder.build/ArXiv Finder.app.xcent

    Task output dependencies:
        /Users/rogerlin/Library/Developer/Xcode/DerivedData/ArXiv_Finder-adzcawncfepnrbdfetjnyattsqbl/Build/Intermediates.noindex/ArXiv Finder.build/Debug/ArXiv Finder.build/ArXiv Finder.app.xcent.der

Ld /Users/rogerlin/Library/Developer/Xcode/DerivedData/ArXiv_Finder-adzcawncfepnrbdfetjnyattsqbl/Build/Products/Debug/ArXiv\ Finder.app/Contents/MacOS/ArXiv\ Finder.debug.dylib normal (in target 'ArXiv Finder' from project 'ArXiv Finder')
    cd /Users/rogerlin/XCode-Projects/ArXiv-Finder
    /Applications/Xcode.app/Contents/Developer/Toolchains/XcodeDefault.xctoolchain/usr/bin/clang -Xlinker -reproducible -target arm64-apple-macos26.1 -dynamiclib -isysroot /Applications/Xcode.app/Contents/Developer/Platforms/MacOSX.platform/Developer/SDKs/MacOSX26.1.sdk -O0 -L/Users/rogerlin/Library/Developer/Xcode/DerivedData/ArXiv_Finder-adzcawncfepnrbdfetjnyattsqbl/Build/Intermediates.noindex/EagerLinkingTBDs/Debug -L/Users/rogerlin/Library/Developer/Xcode/DerivedData/ArXiv_Finder-adzcawncfepnrbdfetjnyattsqbl/Build/Products/Debug -F/Users/rogerlin/Library/Developer/Xcode/DerivedData/ArXiv_Finder-adzcawncfepnrbdfetjnyattsqbl/Build/Intermediates.noindex/EagerLinkingTBDs/Debug -F/Users/rogerlin/Library/Developer/Xcode/DerivedData/ArXiv_Finder-adzcawncfepnrbdfetjnyattsqbl/Build/Products/Debug/PackageFrameworks -F/Users/rogerlin/Library/Developer/Xcode/DerivedData/ArXiv_Finder-adzcawncfepnrbdfetjnyattsqbl/Build/Products/Debug -filelist /Users/rogerlin/Library/Developer/Xcode/DerivedData/ArXiv_Finder-adzcawncfepnrbdfetjnyattsqbl/Build/Intermediates.noindex/ArXiv\ Finder.build/Debug/ArXiv\ Finder.build/Objects-normal/arm64/ArXiv\ Finder.LinkFileList -install_name @rpath/ArXiv\ Finder.debug.dylib -Xlinker -rpath -Xlinker /Users/rogerlin/Library/Developer/Xcode/DerivedData/ArXiv_Finder-adzcawncfepnrbdfetjnyattsqbl/Build/Products/Debug/PackageFrameworks -Xlinker -rpath -Xlinker @executable_path/Frameworks -dead_strip -Xlinker -object_path_lto -Xlinker /Users/rogerlin/Library/Developer/Xcode/DerivedData/ArXiv_Finder-adzcawncfepnrbdfetjnyattsqbl/Build/Intermediates.noindex/ArXiv\ Finder.build/Debug/ArXiv\ Finder.build/Objects-normal/arm64/ArXiv\ Finder_lto.o -rdynamic -Xlinker -no_deduplicate -Xlinker -debug_variant -Xlinker -dependency_info -Xlinker /Users/rogerlin/Library/Developer/Xcode/DerivedData/ArXiv_Finder-adzcawncfepnrbdfetjnyattsqbl/Build/Intermediates.noindex/ArXiv\ Finder.build/Debug/ArXiv\ Finder.build/Objects-normal/arm64/ArXiv\ Finder_dependency_info.dat -fobjc-link-runtime -fprofile-instr-generate -L/Applications/Xcode.app/Contents/Developer/Toolchains/XcodeDefault.xctoolchain/usr/lib/swift/macosx -L/usr/lib/swift -Xlinker -add_ast_path -Xlinker /Users/rogerlin/Library/Developer/Xcode/DerivedData/ArXiv_Finder-adzcawncfepnrbdfetjnyattsqbl/Build/Intermediates.noindex/ArXiv\ Finder.build/Debug/ArXiv\ Finder.build/Objects-normal/arm64/ArXiv_Finder.swiftmodule @/Users/rogerlin/Library/Developer/Xcode/DerivedData/ArXiv_Finder-adzcawncfepnrbdfetjnyattsqbl/Build/Intermediates.noindex/ArXiv\ Finder.build/Debug/ArXiv\ Finder.build/Objects-normal/arm64/ArXiv_Finder-linker-args.resp -Wl,-no_warn_duplicate_libraries -Xlinker -alias -Xlinker _main -Xlinker ___debug_main_executable_dylib_entry_point -Xlinker -no_adhoc_codesign -o /Users/rogerlin/Library/Developer/Xcode/DerivedData/ArXiv_Finder-adzcawncfepnrbdfetjnyattsqbl/Build/Products/Debug/ArXiv\ Finder.app/Contents/MacOS/ArXiv\ Finder.debug.dylib -Xlinker -add_ast_path -Xlinker /Users/rogerlin/Library/Developer/Xcode/DerivedData/ArXiv_Finder-adzcawncfepnrbdfetjnyattsqbl/Build/Intermediates.noindex/ArxivKit.build/Debug/ArxivKit.build/Objects-normal/arm64/ArxivKit.swiftmodule @/Users/rogerlin/Library/Developer/Xcode/DerivedData/ArXiv_Finder-adzcawncfepnrbdfetjnyattsqbl/Build/Intermediates.noindex/ArxivKit.build/Debug/ArxivKit.build/Objects-normal/arm64/ArxivKit-linker-args.resp

    Task input dependencies:
        /Users/rogerlin/Library/Developer/Xcode/DerivedData/ArXiv_Finder-adzcawncfepnrbdfetjnyattsqbl/Build/Intermediates.noindex/ArXiv Finder.build/Debug/ArXiv Finder.build/Objects-normal/arm64/SidebarView.o
        /Users/rogerlin/Library/Developer/Xcode/DerivedData/ArXiv_Finder-adzcawncfepnrbdfetjnyattsqbl/Build/Intermediates.noindex/ArXiv Finder.build/Debug/ArXiv Finder.build/Objects-normal/arm64/ArXivPaperRow.o
        /Users/rogerlin/Library/Developer/Xcode/DerivedData/ArXiv_Finder-adzcawncfepnrbdfetjnyattsqbl/Build/Intermediates.noindex/ArXiv Finder.build/Debug/ArXiv Finder.build/Objects-normal/arm64/CacheManager.o
        /Users/rogerlin/Library/Developer/Xcode/DerivedData/ArXiv_Finder-adzcawncfepnrbdfetjnyattsqbl/Build/Intermediates.noindex/ArXiv Finder.build/Debug/ArXiv Finder.build/Objects-normal/arm64/MainView.o
        /Users/rogerlin/Library/Developer/Xcode/DerivedData/ArXiv_Finder-adzcawncfepnrbdfetjnyattsqbl/Build/Intermediates.noindex/ArXiv Finder.build/Debug/ArXiv Finder.build/Objects-normal/arm64/PapersListView.o
        /Users/rogerlin/Library/Developer/Xcode/DerivedData/ArXiv_Finder-adzcawncfepnrbdfetjnyattsqbl/Build/Intermediates.noindex/ArXiv Finder.build/Debug/ArXiv Finder.build/Objects-normal/arm64/ArXivService.o
        /Users/rogerlin/Library/Developer/Xcode/DerivedData/ArXiv_Finder-adzcawncfepnrbdfetjnyattsqbl/Build/Intermediates.noindex/ArXiv Finder.build/Debug/ArXiv Finder.build/Objects-normal/arm64/PDFKitView.o
        /Users/rogerlin/Library/Developer/Xcode/DerivedData/ArXiv_Finder-adzcawncfepnrbdfetjnyattsqbl/Build/Intermediates.noindex/ArXiv Finder.build/Debug/ArXiv Finder.build/Objects-normal/arm64/ArXivController.o
        /Users/rogerlin/Library/Developer/Xcode/DerivedData/ArXiv_Finder-adzcawncfepnrbdfetjnyattsqbl/Build/Intermediates.noindex/ArXiv Finder.build/Debug/ArXiv Finder.build/Objects-normal/arm64/SearchResultsView.o
        /Users/rogerlin/Library/Developer/Xcode/DerivedData/ArXiv_Finder-adzcawncfepnrbdfetjnyattsqbl/Build/Intermediates.noindex/ArXiv Finder.build/Debug/ArXiv Finder.build/Objects-normal/arm64/ArXivPaper.o
        /Users/rogerlin/Library/Developer/Xcode/DerivedData/ArXiv_Finder-adzcawncfepnrbdfetjnyattsqbl/Build/Intermediates.noindex/ArXiv Finder.build/Debug/ArXiv Finder.build/Objects-normal/arm64/SettingsView.o
        /Users/rogerlin/Library/Developer/Xcode/DerivedData/ArXiv_Finder-adzcawncfepnrbdfetjnyattsqbl/Build/Intermediates.noindex/ArXiv Finder.build/Debug/ArXiv Finder.build/Objects-normal/arm64/ArXiv_Finder.o
        /Users/rogerlin/Library/Developer/Xcode/DerivedData/ArXiv_Finder-adzcawncfepnrbdfetjnyattsqbl/Build/Intermediates.noindex/ArXiv Finder.build/Debug/ArXiv Finder.build/Objects-normal/arm64/PaperDetailView.o
        /Users/rogerlin/Library/Developer/Xcode/DerivedData/ArXiv_Finder-adzcawncfepnrbdfetjnyattsqbl/Build/Intermediates.noindex/ArXiv Finder.build/Debug/ArXiv Finder.build/Objects-normal/arm64/GeneratedAssetSymbols.o
        /Users/rogerlin/Library/Developer/Xcode/DerivedData/ArXiv_Finder-adzcawncfepnrbdfetjnyattsqbl/Build/Products/Debug/ArxivKit.o
        /Users/rogerlin/Library/Developer/Xcode/DerivedData/ArXiv_Finder-adzcawncfepnrbdfetjnyattsqbl/Build/Intermediates.noindex/ArXiv Finder.build/Debug/ArXiv Finder.build/Objects-normal/arm64/ArXiv Finder.LinkFileList
        /Users/rogerlin/Library/Developer/Xcode/DerivedData/ArXiv_Finder-adzcawncfepnrbdfetjnyattsqbl/Build/Products/Debug
        /Users/rogerlin/Library/Developer/Xcode/DerivedData/ArXiv_Finder-adzcawncfepnrbdfetjnyattsqbl/Build/Products/Debug/PackageFrameworks

    Task output dependencies:
        /Users/rogerlin/Library/Developer/Xcode/DerivedData/ArXiv_Finder-adzcawncfepnrbdfetjnyattsqbl/Build/Products/Debug/ArXiv Finder.app/Contents/MacOS/ArXiv Finder.debug.dylib
        /Users/rogerlin/Library/Developer/Xcode/DerivedData/ArXiv_Finder-adzcawncfepnrbdfetjnyattsqbl/Build/Intermediates.noindex/ArXiv Finder.build/Debug/ArXiv Finder.build/Objects-normal/arm64/ArXiv Finder_lto.o
        /Users/rogerlin/Library/Developer/Xcode/DerivedData/ArXiv_Finder-adzcawncfepnrbdfetjnyattsqbl/Build/Intermediates.noindex/ArXiv Finder.build/Debug/ArXiv Finder.build/Objects-normal/arm64/ArXiv Finder_dependency_info.dat

ConstructStubExecutorLinkFileList /Users/rogerlin/Library/Developer/Xcode/DerivedData/ArXiv_Finder-adzcawncfepnrbdfetjnyattsqbl/Build/Intermediates.noindex/ArXiv\ Finder.build/Debug/ArXiv\ Finder.build/ArXiv\ Finder-ExecutorLinkFileList-normal-arm64.txt (in target 'ArXiv Finder' from project 'ArXiv Finder')
    cd /Users/rogerlin/XCode-Projects/ArXiv-Finder
    construct-stub-executor-link-file-list /Users/rogerlin/Library/Developer/Xcode/DerivedData/ArXiv_Finder-adzcawncfepnrbdfetjnyattsqbl/Build/Products/Debug/ArXiv\ Finder.app/Contents/MacOS/ArXiv\ Finder.debug.dylib /Applications/Xcode.app/Contents/Developer/Platforms/MacOSX.platform/Developer/usr/lib/libPreviewsJITStubExecutor_no_swift_entry_point.a /Applications/Xcode.app/Contents/Developer/Platforms/MacOSX.platform/Developer/usr/lib/libPreviewsJITStubExecutor.a --output /Users/rogerlin/Library/Developer/Xcode/DerivedData/ArXiv_Finder-adzcawncfepnrbdfetjnyattsqbl/Build/Intermediates.noindex/ArXiv\ Finder.build/Debug/ArXiv\ Finder.build/ArXiv\ Finder-ExecutorLinkFileList-normal-arm64.txt

    Task input dependencies:
        /Applications/Xcode.app/Contents/Developer/Platforms/MacOSX.platform/Developer/usr/lib/libPreviewsJITStubExecutor_no_swift_entry_point.a
        /Applications/Xcode.app/Contents/Developer/Platforms/MacOSX.platform/Developer/usr/lib/libPreviewsJITStubExecutor.a
        /Users/rogerlin/Library/Developer/Xcode/DerivedData/ArXiv_Finder-adzcawncfepnrbdfetjnyattsqbl/Build/Products/Debug/ArXiv Finder.app/Contents/MacOS/ArXiv Finder.debug.dylib

    Task output dependencies:
        /Users/rogerlin/Library/Developer/Xcode/DerivedData/ArXiv_Finder-adzcawncfepnrbdfetjnyattsqbl/Build/Intermediates.noindex/ArXiv Finder.build/Debug/ArXiv Finder.build/ArXiv Finder-ExecutorLinkFileList-normal-arm64.txt
note: Using stub executor library with Swift entry point. (in target 'ArXiv Finder' from project 'ArXiv Finder')

LinkAssetCatalog /Users/rogerlin/XCode-Projects/ArXiv-Finder/ArXiv\ Finder/Assets.xcassets (in target 'ArXiv Finder' from project 'ArXiv Finder')
    cd /Users/rogerlin/XCode-Projects/ArXiv-Finder
    builtin-linkAssetCatalog --thinned /Users/rogerlin/Library/Developer/Xcode/DerivedData/ArXiv_Finder-adzcawncfepnrbdfetjnyattsqbl/Build/Intermediates.noindex/ArXiv\ Finder.build/Debug/ArXiv\ Finder.build/assetcatalog_output/thinned --thinned-dependencies /Users/rogerlin/Library/Developer/Xcode/DerivedData/ArXiv_Finder-adzcawncfepnrbdfetjnyattsqbl/Build/Intermediates.noindex/ArXiv\ Finder.build/Debug/ArXiv\ Finder.build/assetcatalog_dependencies_thinned --thinned-info-plist-content /Users/rogerlin/Library/Developer/Xcode/DerivedData/ArXiv_Finder-adzcawncfepnrbdfetjnyattsqbl/Build/Intermediates.noindex/ArXiv\ Finder.build/Debug/ArXiv\ Finder.build/assetcatalog_generated_info.plist_thinned --unthinned /Users/rogerlin/Library/Developer/Xcode/DerivedData/ArXiv_Finder-adzcawncfepnrbdfetjnyattsqbl/Build/Intermediates.noindex/ArXiv\ Finder.build/Debug/ArXiv\ Finder.build/assetcatalog_output/unthinned --unthinned-dependencies /Users/rogerlin/Library/Developer/Xcode/DerivedData/ArXiv_Finder-adzcawncfepnrbdfetjnyattsqbl/Build/Intermediates.noindex/ArXiv\ Finder.build/Debug/ArXiv\ Finder.build/assetcatalog_dependencies_unthinned --unthinned-info-plist-content /Users/rogerlin/Library/Developer/Xcode/DerivedData/ArXiv_Finder-adzcawncfepnrbdfetjnyattsqbl/Build/Intermediates.noindex/ArXiv\ Finder.build/Debug/ArXiv\ Finder.build/assetcatalog_generated_info.plist_unthinned --output /Users/rogerlin/Library/Developer/Xcode/DerivedData/ArXiv_Finder-adzcawncfepnrbdfetjnyattsqbl/Build/Products/Debug/ArXiv\ Finder.app/Contents/Resources --plist-output /Users/rogerlin/Library/Developer/Xcode/DerivedData/ArXiv_Finder-adzcawncfepnrbdfetjnyattsqbl/Build/Intermediates.noindex/ArXiv\ Finder.build/Debug/ArXiv\ Finder.build/assetcatalog_generated_info.plist

    Task input dependencies:
        /Users/rogerlin/XCode-Projects/ArXiv-Finder/ArXiv Finder/Assets.xcassets/
        /Users/rogerlin/Library/Developer/Xcode/DerivedData/ArXiv_Finder-adzcawncfepnrbdfetjnyattsqbl/Build/Products/Debug/ArXiv Finder.app/Contents/Resources
        /Users/rogerlin/Library/Developer/Xcode/DerivedData/ArXiv_Finder-adzcawncfepnrbdfetjnyattsqbl/Build/Intermediates.noindex/ArXiv Finder.build/Debug/ArXiv Finder.build/assetcatalog_output/thinned/
        /Users/rogerlin/Library/Developer/Xcode/DerivedData/ArXiv_Finder-adzcawncfepnrbdfetjnyattsqbl/Build/Intermediates.noindex/ArXiv Finder.build/Debug/ArXiv Finder.build/assetcatalog_output/unthinned/
        /Users/rogerlin/Library/Developer/Xcode/DerivedData/ArXiv_Finder-adzcawncfepnrbdfetjnyattsqbl/Build/Intermediates.noindex/ArXiv Finder.build/Debug/ArXiv Finder.build/assetcatalog_signature

    Task output dependencies:
        /Users/rogerlin/Library/Developer/Xcode/DerivedData/ArXiv_Finder-adzcawncfepnrbdfetjnyattsqbl/Build/Intermediates.noindex/ArXiv Finder.build/Debug/ArXiv Finder.build/assetcatalog_generated_info.plist
        /Users/rogerlin/Library/Developer/Xcode/DerivedData/ArXiv_Finder-adzcawncfepnrbdfetjnyattsqbl/Build/Products/Debug/ArXiv Finder.app/Contents/Resources/Assets.car
note: Emplaced /Users/rogerlin/Library/Developer/Xcode/DerivedData/ArXiv_Finder-adzcawncfepnrbdfetjnyattsqbl/Build/Products/Debug/ArXiv Finder.app/Contents/Resources/Assets.car (in target 'ArXiv Finder' from project 'ArXiv Finder')
note: Emplaced /Users/rogerlin/Library/Developer/Xcode/DerivedData/ArXiv_Finder-adzcawncfepnrbdfetjnyattsqbl/Build/Products/Debug/ArXiv Finder.app/Contents/Resources/AppIcon.icns (in target 'ArXiv Finder' from project 'ArXiv Finder')

Ld /Users/rogerlin/Library/Developer/Xcode/DerivedData/ArXiv_Finder-adzcawncfepnrbdfetjnyattsqbl/Build/Products/Debug/ArXiv\ Finder.app/Contents/MacOS/ArXiv\ Finder normal (in target 'ArXiv Finder' from project 'ArXiv Finder')
    cd /Users/rogerlin/XCode-Projects/ArXiv-Finder
    /Applications/Xcode.app/Contents/Developer/Toolchains/XcodeDefault.xctoolchain/usr/bin/clang -Xlinker -reproducible -target arm64-apple-macos26.1 -isysroot /Applications/Xcode.app/Contents/Developer/Platforms/MacOSX.platform/Developer/SDKs/MacOSX26.1.sdk -O0 -L/Users/rogerlin/Library/Developer/Xcode/DerivedData/ArXiv_Finder-adzcawncfepnrbdfetjnyattsqbl/Build/Products/Debug -F/Users/rogerlin/Library/Developer/Xcode/DerivedData/ArXiv_Finder-adzcawncfepnrbdfetjnyattsqbl/Build/Products/Debug/PackageFrameworks -F/Users/rogerlin/Library/Developer/Xcode/DerivedData/ArXiv_Finder-adzcawncfepnrbdfetjnyattsqbl/Build/Products/Debug -Xlinker -rpath -Xlinker @executable_path -Xlinker -rpath -Xlinker /Users/rogerlin/Library/Developer/Xcode/DerivedData/ArXiv_Finder-adzcawncfepnrbdfetjnyattsqbl/Build/Products/Debug/PackageFrameworks -Xlinker -rpath -Xlinker @executable_path/Frameworks -rdynamic -Xlinker -no_deduplicate -Xlinker -debug_variant -e ___debug_blank_executor_main -Xlinker -sectcreate -Xlinker __TEXT -Xlinker __debug_dylib -Xlinker /Users/rogerlin/Library/Developer/Xcode/DerivedData/ArXiv_Finder-adzcawncfepnrbdfetjnyattsqbl/Build/Intermediates.noindex/ArXiv\ Finder.build/Debug/ArXiv\ Finder.build/ArXiv\ Finder-DebugDylibPath-normal-arm64.txt -Xlinker -sectcreate -Xlinker __TEXT -Xlinker __debug_instlnm -Xlinker /Users/rogerlin/Library/Developer/Xcode/DerivedData/ArXiv_Finder-adzcawncfepnrbdfetjnyattsqbl/Build/Intermediates.noindex/ArXiv\ Finder.build/Debug/ArXiv\ Finder.build/ArXiv\ Finder-DebugDylibInstallName-normal-arm64.txt -Xlinker -filelist -Xlinker /Users/rogerlin/Library/Developer/Xcode/DerivedData/ArXiv_Finder-adzcawncfepnrbdfetjnyattsqbl/Build/Intermediates.noindex/ArXiv\ Finder.build/Debug/ArXiv\ Finder.build/ArXiv\ Finder-ExecutorLinkFileList-normal-arm64.txt /Users/rogerlin/Library/Developer/Xcode/DerivedData/ArXiv_Finder-adzcawncfepnrbdfetjnyattsqbl/Build/Products/Debug/ArXiv\ Finder.app/Contents/MacOS/ArXiv\ Finder.debug.dylib -Xlinker -no_adhoc_codesign -o /Users/rogerlin/Library/Developer/Xcode/DerivedData/ArXiv_Finder-adzcawncfepnrbdfetjnyattsqbl/Build/Products/Debug/ArXiv\ Finder.app/Contents/MacOS/ArXiv\ Finder

    Task input dependencies:
        /Users/rogerlin/Library/Developer/Xcode/DerivedData/ArXiv_Finder-adzcawncfepnrbdfetjnyattsqbl/Build/Products/Debug/ArXiv Finder.app/Contents/MacOS/ArXiv Finder.debug.dylib
        /Users/rogerlin/Library/Developer/Xcode/DerivedData/ArXiv_Finder-adzcawncfepnrbdfetjnyattsqbl/Build/Intermediates.noindex/ArXiv Finder.build/Debug/ArXiv Finder.build/ArXiv Finder-DebugDylibPath-normal-arm64.txt
        /Users/rogerlin/Library/Developer/Xcode/DerivedData/ArXiv_Finder-adzcawncfepnrbdfetjnyattsqbl/Build/Intermediates.noindex/ArXiv Finder.build/Debug/ArXiv Finder.build/ArXiv Finder-DebugDylibInstallName-normal-arm64.txt
        /Users/rogerlin/Library/Developer/Xcode/DerivedData/ArXiv_Finder-adzcawncfepnrbdfetjnyattsqbl/Build/Intermediates.noindex/ArXiv Finder.build/Debug/ArXiv Finder.build/ArXiv Finder-ExecutorLinkFileList-normal-arm64.txt

    Task output dependencies:
        /Users/rogerlin/Library/Developer/Xcode/DerivedData/ArXiv_Finder-adzcawncfepnrbdfetjnyattsqbl/Build/Products/Debug/ArXiv Finder.app/Contents/MacOS/ArXiv Finder

Ld /Users/rogerlin/Library/Developer/Xcode/DerivedData/ArXiv_Finder-adzcawncfepnrbdfetjnyattsqbl/Build/Products/Debug/ArXiv\ Finder.app/Contents/MacOS/__preview.dylib normal (in target 'ArXiv Finder' from project 'ArXiv Finder')
    cd /Users/rogerlin/XCode-Projects/ArXiv-Finder
    /Applications/Xcode.app/Contents/Developer/Toolchains/XcodeDefault.xctoolchain/usr/bin/clang -Xlinker -reproducible -target arm64-apple-macos26.1 -dynamiclib -isysroot /Applications/Xcode.app/Contents/Developer/Platforms/MacOSX.platform/Developer/SDKs/MacOSX26.1.sdk -O0 -L/Users/rogerlin/Library/Developer/Xcode/DerivedData/ArXiv_Finder-adzcawncfepnrbdfetjnyattsqbl/Build/Products/Debug -F/Users/rogerlin/Library/Developer/Xcode/DerivedData/ArXiv_Finder-adzcawncfepnrbdfetjnyattsqbl/Build/Products/Debug/PackageFrameworks -F/Users/rogerlin/Library/Developer/Xcode/DerivedData/ArXiv_Finder-adzcawncfepnrbdfetjnyattsqbl/Build/Products/Debug -install_name @rpath/ArXiv\ Finder.debug.dylib -dead_strip -rdynamic -Xlinker -no_deduplicate -Xlinker -debug_variant -Xlinker -dependency_info -Xlinker /Users/rogerlin/Library/Developer/Xcode/DerivedData/ArXiv_Finder-adzcawncfepnrbdfetjnyattsqbl/Build/Intermediates.noindex/ArXiv\ Finder.build/Debug/ArXiv\ Finder.build/Objects-normal/arm64/ArXiv\ Finder_dependency_info.dat -Xlinker -no_adhoc_codesign -o /Users/rogerlin/Library/Developer/Xcode/DerivedData/ArXiv_Finder-adzcawncfepnrbdfetjnyattsqbl/Build/Products/Debug/ArXiv\ Finder.app/Contents/MacOS/__preview.dylib

    Task input dependencies:

    Task output dependencies:
        /Users/rogerlin/Library/Developer/Xcode/DerivedData/ArXiv_Finder-adzcawncfepnrbdfetjnyattsqbl/Build/Products/Debug/ArXiv Finder.app/Contents/MacOS/__preview.dylib

ExtractAppIntentsMetadata (in target 'ArXiv Finder' from project 'ArXiv Finder')
    cd /Users/rogerlin/XCode-Projects/ArXiv-Finder
    /Applications/Xcode.app/Contents/Developer/Toolchains/XcodeDefault.xctoolchain/usr/bin/appintentsmetadataprocessor --toolchain-dir /var/run/com.apple.security.cryptexd/mnt/com.apple.MobileAsset.MetalToolchain-v17.2.54.0.cxfLyY/Metal.xctoolchain --module-name ArXiv_Finder --sdk-root /Applications/Xcode.app/Contents/Developer/Platforms/MacOSX.platform/Developer/SDKs/MacOSX26.1.sdk --xcode-version 17B100 --platform-family macOS --deployment-target 26.1 --bundle-identifier com.jhg.ArXiv-Finder --output /Users/rogerlin/Library/Developer/Xcode/DerivedData/ArXiv_Finder-adzcawncfepnrbdfetjnyattsqbl/Build/Products/Debug/ArXiv\ Finder.app/Contents/Resources --target-triple arm64-apple-macos26.1 --binary-file /Users/rogerlin/Library/Developer/Xcode/DerivedData/ArXiv_Finder-adzcawncfepnrbdfetjnyattsqbl/Build/Products/Debug/ArXiv\ Finder.app/Contents/MacOS/ArXiv\ Finder --dependency-file /Users/rogerlin/Library/Developer/Xcode/DerivedData/ArXiv_Finder-adzcawncfepnrbdfetjnyattsqbl/Build/Intermediates.noindex/ArXiv\ Finder.build/Debug/ArXiv\ Finder.build/Objects-normal/arm64/ArXiv\ Finder_dependency_info.dat --stringsdata-file /Users/rogerlin/Library/Developer/Xcode/DerivedData/ArXiv_Finder-adzcawncfepnrbdfetjnyattsqbl/Build/Intermediates.noindex/ArXiv\ Finder.build/Debug/ArXiv\ Finder.build/Objects-normal/arm64/ExtractedAppShortcutsMetadata.stringsdata --source-file-list /Users/rogerlin/Library/Developer/Xcode/DerivedData/ArXiv_Finder-adzcawncfepnrbdfetjnyattsqbl/Build/Intermediates.noindex/ArXiv\ Finder.build/Debug/ArXiv\ Finder.build/Objects-normal/arm64/ArXiv\ Finder.SwiftFileList --metadata-file-list /Users/rogerlin/Library/Developer/Xcode/DerivedData/ArXiv_Finder-adzcawncfepnrbdfetjnyattsqbl/Build/Intermediates.noindex/ArXiv\ Finder.build/Debug/ArXiv\ Finder.build/ArXiv\ Finder.DependencyMetadataFileList --static-metadata-file-list /Users/rogerlin/Library/Developer/Xcode/DerivedData/ArXiv_Finder-adzcawncfepnrbdfetjnyattsqbl/Build/Intermediates.noindex/ArXiv\ Finder.build/Debug/ArXiv\ Finder.build/ArXiv\ Finder.DependencyStaticMetadataFileList --swift-const-vals-list /Users/rogerlin/Library/Developer/Xcode/DerivedData/ArXiv_Finder-adzcawncfepnrbdfetjnyattsqbl/Build/Intermediates.noindex/ArXiv\ Finder.build/Debug/ArXiv\ Finder.build/Objects-normal/arm64/ArXiv\ Finder.SwiftConstValuesFileList --compile-time-extraction --deployment-aware-processing --validate-assistant-intents --no-app-shortcuts-localization

    Task input dependencies:
        /Users/rogerlin/XCode-Projects/ArXiv-Finder/ArXiv Finder/Views/SidebarView.swift
        /Users/rogerlin/XCode-Projects/ArXiv-Finder/ArXiv Finder/Views/ArXivPaperRow.swift
        /Users/rogerlin/XCode-Projects/ArXiv-Finder/ArXiv Finder/Managers/CacheManager.swift
        /Users/rogerlin/XCode-Projects/ArXiv-Finder/ArXiv Finder/Views/MainView.swift
        /Users/rogerlin/XCode-Projects/ArXiv-Finder/ArXiv Finder/Views/PapersListView.swift
        /Users/rogerlin/XCode-Projects/ArXiv-Finder/ArXiv Finder/Services/ArXivService.swift
        /Users/rogerlin/XCode-Projects/ArXiv-Finder/ArXiv Finder/Views/PDFKitView.swift
        /Users/rogerlin/XCode-Projects/ArXiv-Finder/ArXiv Finder/Controllers/ArXivController.swift
        /Users/rogerlin/XCode-Projects/ArXiv-Finder/ArXiv Finder/Views/SearchResultsView.swift
        /Users/rogerlin/XCode-Projects/ArXiv-Finder/ArXiv Finder/Models/ArXivPaper.swift
        /Users/rogerlin/XCode-Projects/ArXiv-Finder/ArXiv Finder/Views/SettingsView.swift
        /Users/rogerlin/XCode-Projects/ArXiv-Finder/ArXiv Finder/ArXiv_Finder.swift
        /Users/rogerlin/XCode-Projects/ArXiv-Finder/ArXiv Finder/Views/PaperDetailView.swift
        /Users/rogerlin/Library/Developer/Xcode/DerivedData/ArXiv_Finder-adzcawncfepnrbdfetjnyattsqbl/Build/Intermediates.noindex/ArXiv Finder.build/Debug/ArXiv Finder.build/Objects-normal/arm64/SidebarView.swiftconstvalues
        /Users/rogerlin/Library/Developer/Xcode/DerivedData/ArXiv_Finder-adzcawncfepnrbdfetjnyattsqbl/Build/Intermediates.noindex/ArXiv Finder.build/Debug/ArXiv Finder.build/Objects-normal/arm64/ArXivPaperRow.swiftconstvalues
        /Users/rogerlin/Library/Developer/Xcode/DerivedData/ArXiv_Finder-adzcawncfepnrbdfetjnyattsqbl/Build/Intermediates.noindex/ArXiv Finder.build/Debug/ArXiv Finder.build/Objects-normal/arm64/CacheManager.swiftconstvalues
        /Users/rogerlin/Library/Developer/Xcode/DerivedData/ArXiv_Finder-adzcawncfepnrbdfetjnyattsqbl/Build/Intermediates.noindex/ArXiv Finder.build/Debug/ArXiv Finder.build/Objects-normal/arm64/MainView.swiftconstvalues
        /Users/rogerlin/Library/Developer/Xcode/DerivedData/ArXiv_Finder-adzcawncfepnrbdfetjnyattsqbl/Build/Intermediates.noindex/ArXiv Finder.build/Debug/ArXiv Finder.build/Objects-normal/arm64/PapersListView.swiftconstvalues
        /Users/rogerlin/Library/Developer/Xcode/DerivedData/ArXiv_Finder-adzcawncfepnrbdfetjnyattsqbl/Build/Intermediates.noindex/ArXiv Finder.build/Debug/ArXiv Finder.build/Objects-normal/arm64/ArXivService.swiftconstvalues
        /Users/rogerlin/Library/Developer/Xcode/DerivedData/ArXiv_Finder-adzcawncfepnrbdfetjnyattsqbl/Build/Intermediates.noindex/ArXiv Finder.build/Debug/ArXiv Finder.build/Objects-normal/arm64/PDFKitView.swiftconstvalues
        /Users/rogerlin/Library/Developer/Xcode/DerivedData/ArXiv_Finder-adzcawncfepnrbdfetjnyattsqbl/Build/Intermediates.noindex/ArXiv Finder.build/Debug/ArXiv Finder.build/Objects-normal/arm64/ArXivController.swiftconstvalues
        /Users/rogerlin/Library/Developer/Xcode/DerivedData/ArXiv_Finder-adzcawncfepnrbdfetjnyattsqbl/Build/Intermediates.noindex/ArXiv Finder.build/Debug/ArXiv Finder.build/Objects-normal/arm64/SearchResultsView.swiftconstvalues
        /Users/rogerlin/Library/Developer/Xcode/DerivedData/ArXiv_Finder-adzcawncfepnrbdfetjnyattsqbl/Build/Intermediates.noindex/ArXiv Finder.build/Debug/ArXiv Finder.build/Objects-normal/arm64/ArXivPaper.swiftconstvalues
        /Users/rogerlin/Library/Developer/Xcode/DerivedData/ArXiv_Finder-adzcawncfepnrbdfetjnyattsqbl/Build/Intermediates.noindex/ArXiv Finder.build/Debug/ArXiv Finder.build/Objects-normal/arm64/SettingsView.swiftconstvalues
        /Users/rogerlin/Library/Developer/Xcode/DerivedData/ArXiv_Finder-adzcawncfepnrbdfetjnyattsqbl/Build/Intermediates.noindex/ArXiv Finder.build/Debug/ArXiv Finder.build/Objects-normal/arm64/ArXiv_Finder.swiftconstvalues
        /Users/rogerlin/Library/Developer/Xcode/DerivedData/ArXiv_Finder-adzcawncfepnrbdfetjnyattsqbl/Build/Intermediates.noindex/ArXiv Finder.build/Debug/ArXiv Finder.build/Objects-normal/arm64/PaperDetailView.swiftconstvalues
        /Users/rogerlin/Library/Developer/Xcode/DerivedData/ArXiv_Finder-adzcawncfepnrbdfetjnyattsqbl/Build/Intermediates.noindex/ArXiv Finder.build/Debug/ArXiv Finder.build/Objects-normal/arm64/GeneratedAssetSymbols.swiftconstvalues
        /Users/rogerlin/Library/Developer/Xcode/DerivedData/ArXiv_Finder-adzcawncfepnrbdfetjnyattsqbl/Build/Products/Debug/ArXiv Finder.app/Contents/MacOS/ArXiv Finder
        /Users/rogerlin/Library/Developer/Xcode/DerivedData/ArXiv_Finder-adzcawncfepnrbdfetjnyattsqbl/Build/Intermediates.noindex/ArXiv Finder.build/Debug/ArXiv Finder.build/ArXiv Finder.DependencyMetadataFileList
        /Users/rogerlin/Library/Developer/Xcode/DerivedData/ArXiv_Finder-adzcawncfepnrbdfetjnyattsqbl/Build/Intermediates.noindex/ArXiv Finder.build/Debug/ArXiv Finder.build/ArXiv Finder.DependencyStaticMetadataFileList
        /Users/rogerlin/Library/Developer/Xcode/DerivedData/ArXiv_Finder-adzcawncfepnrbdfetjnyattsqbl/Build/Intermediates.noindex/ArXiv Finder.build/Debug/ArXiv Finder.build/Objects-normal/arm64/ArXiv Finder_dependency_info.dat
        /Users/rogerlin/Library/Developer/Xcode/DerivedData/ArXiv_Finder-adzcawncfepnrbdfetjnyattsqbl/Build/Intermediates.noindex/ArXiv Finder.build/Debug/ArXiv Finder.build/Objects-normal/arm64/ArXiv Finder.SwiftFileList
        /Users/rogerlin/Library/Developer/Xcode/DerivedData/ArXiv_Finder-adzcawncfepnrbdfetjnyattsqbl/Build/Intermediates.noindex/ArXiv Finder.build/Debug/ArXiv Finder.build/Objects-normal/arm64/ArXiv Finder.SwiftConstValuesFileList

    Task output dependencies:
        /Users/rogerlin/Library/Developer/Xcode/DerivedData/ArXiv_Finder-adzcawncfepnrbdfetjnyattsqbl/Build/Intermediates.noindex/ArXiv Finder.build/Debug/ArXiv Finder.build/Objects-normal/arm64/ExtractedAppShortcutsMetadata.stringsdata
2025-12-11 17:47:07.189 appintentsmetadataprocessor[47245:2936878] Starting appintentsmetadataprocessor export
2025-12-11 17:47:07.190 appintentsmetadataprocessor[47245:2936878] warning: Metadata extraction skipped. No AppIntents.framework dependency found.

CopySwiftLibs /Users/rogerlin/Library/Developer/Xcode/DerivedData/ArXiv_Finder-adzcawncfepnrbdfetjnyattsqbl/Build/Products/Debug/ArXiv\ Finder.app (in target 'ArXiv Finder' from project 'ArXiv Finder')
    cd /Users/rogerlin/XCode-Projects/ArXiv-Finder
    builtin-swiftStdLibTool --copy --verbose --sign 78534EA7E1C52C11688B14ADF6EFD7D0F078E23C --scan-executable /Users/rogerlin/Library/Developer/Xcode/DerivedData/ArXiv_Finder-adzcawncfepnrbdfetjnyattsqbl/Build/Products/Debug/ArXiv\ Finder.app/Contents/MacOS/ArXiv\ Finder.debug.dylib --scan-folder /Users/rogerlin/Library/Developer/Xcode/DerivedData/ArXiv_Finder-adzcawncfepnrbdfetjnyattsqbl/Build/Products/Debug/ArXiv\ Finder.app/Contents/Frameworks --scan-folder /Users/rogerlin/Library/Developer/Xcode/DerivedData/ArXiv_Finder-adzcawncfepnrbdfetjnyattsqbl/Build/Products/Debug/ArXiv\ Finder.app/Contents/PlugIns --scan-folder /Users/rogerlin/Library/Developer/Xcode/DerivedData/ArXiv_Finder-adzcawncfepnrbdfetjnyattsqbl/Build/Products/Debug/ArXiv\ Finder.app/Contents/Library/SystemExtensions --scan-folder /Users/rogerlin/Library/Developer/Xcode/DerivedData/ArXiv_Finder-adzcawncfepnrbdfetjnyattsqbl/Build/Products/Debug/ArXiv\ Finder.app/Contents/Extensions --platform macosx --toolchain /var/run/com.apple.security.cryptexd/mnt/com.apple.MobileAsset.MetalToolchain-v17.2.54.0.cxfLyY/Metal.xctoolchain --toolchain /Applications/Xcode.app/Contents/Developer/Toolchains/XcodeDefault.xctoolchain --destination /Users/rogerlin/Library/Developer/Xcode/DerivedData/ArXiv_Finder-adzcawncfepnrbdfetjnyattsqbl/Build/Products/Debug/ArXiv\ Finder.app/Contents/Frameworks --strip-bitcode --strip-bitcode-tool /Applications/Xcode.app/Contents/Developer/Toolchains/XcodeDefault.xctoolchain/usr/bin/bitcode_strip --emit-dependency-info /Users/rogerlin/Library/Developer/Xcode/DerivedData/ArXiv_Finder-adzcawncfepnrbdfetjnyattsqbl/Build/Intermediates.noindex/ArXiv\ Finder.build/Debug/ArXiv\ Finder.build/SwiftStdLibToolInputDependencies.dep --filter-for-swift-os

    Task input dependencies:
        /Users/rogerlin/Library/Developer/Xcode/DerivedData/ArXiv_Finder-adzcawncfepnrbdfetjnyattsqbl/Build/Products/Debug/ArXiv Finder.app/Contents/MacOS/ArXiv Finder.debug.dylib

    Task output dependencies:

ProcessInfoPlistFile /Users/rogerlin/Library/Developer/Xcode/DerivedData/ArXiv_Finder-adzcawncfepnrbdfetjnyattsqbl/Build/Products/Debug/ArXiv\ Finder.app/Contents/Info.plist /Users/rogerlin/Library/Developer/Xcode/DerivedData/ArXiv_Finder-adzcawncfepnrbdfetjnyattsqbl/Build/Intermediates.noindex/ArXiv\ Finder.build/Debug/ArXiv\ Finder.build/empty-ArXiv\ Finder.plist (in target 'ArXiv Finder' from project 'ArXiv Finder')
    cd /Users/rogerlin/XCode-Projects/ArXiv-Finder
    builtin-infoPlistUtility /Users/rogerlin/Library/Developer/Xcode/DerivedData/ArXiv_Finder-adzcawncfepnrbdfetjnyattsqbl/Build/Intermediates.noindex/ArXiv\ Finder.build/Debug/ArXiv\ Finder.build/empty-ArXiv\ Finder.plist -producttype com.apple.product-type.application -genpkginfo /Users/rogerlin/Library/Developer/Xcode/DerivedData/ArXiv_Finder-adzcawncfepnrbdfetjnyattsqbl/Build/Products/Debug/ArXiv\ Finder.app/Contents/PkgInfo -expandbuildsettings -platform macosx -additionalcontentfile /Users/rogerlin/Library/Developer/Xcode/DerivedData/ArXiv_Finder-adzcawncfepnrbdfetjnyattsqbl/Build/Intermediates.noindex/ArXiv\ Finder.build/Debug/ArXiv\ Finder.build/assetcatalog_generated_info.plist -scanforprivacyfile /Users/rogerlin/Library/Developer/Xcode/DerivedData/ArXiv_Finder-adzcawncfepnrbdfetjnyattsqbl/Build/Products/Debug/ArXiv\ Finder.app/Contents/Resources/ArxivKit_ArxivKit.bundle -o /Users/rogerlin/Library/Developer/Xcode/DerivedData/ArXiv_Finder-adzcawncfepnrbdfetjnyattsqbl/Build/Products/Debug/ArXiv\ Finder.app/Contents/Info.plist

    Task input dependencies:
        /Users/rogerlin/Library/Developer/Xcode/DerivedData/ArXiv_Finder-adzcawncfepnrbdfetjnyattsqbl/Build/Intermediates.noindex/ArXiv Finder.build/Debug/ArXiv Finder.build/empty-ArXiv Finder.plist
        /Users/rogerlin/Library/Developer/Xcode/DerivedData/ArXiv_Finder-adzcawncfepnrbdfetjnyattsqbl/Build/Intermediates.noindex/ArXiv Finder.build/Debug/ArXiv Finder.build/assetcatalog_generated_info.plist
        /Users/rogerlin/Library/Developer/Xcode/DerivedData/ArXiv_Finder-adzcawncfepnrbdfetjnyattsqbl/Build/Products/Debug/ArXiv Finder.app/Contents/Resources/ArxivKit_ArxivKit.bundle

    Task output dependencies:
        /Users/rogerlin/Library/Developer/Xcode/DerivedData/ArXiv_Finder-adzcawncfepnrbdfetjnyattsqbl/Build/Products/Debug/ArXiv Finder.app/Contents/Info.plist
        /Users/rogerlin/Library/Developer/Xcode/DerivedData/ArXiv_Finder-adzcawncfepnrbdfetjnyattsqbl/Build/Products/Debug/ArXiv Finder.app/Contents/PkgInfo

CodeSign /Users/rogerlin/Library/Developer/Xcode/DerivedData/ArXiv_Finder-adzcawncfepnrbdfetjnyattsqbl/Build/Products/Debug/ArXiv\ Finder.app/Contents/MacOS/ArXiv\ Finder.debug.dylib (in target 'ArXiv Finder' from project 'ArXiv Finder')
    cd /Users/rogerlin/XCode-Projects/ArXiv-Finder
    
    Signing Identity:     "Apple Development: linroger022@gmail.com (6CHCQ5LN9Z)"
    
    /usr/bin/codesign --force --sign 78534EA7E1C52C11688B14ADF6EFD7D0F078E23C --timestamp\=none --generate-entitlement-der /Users/rogerlin/Library/Developer/Xcode/DerivedData/ArXiv_Finder-adzcawncfepnrbdfetjnyattsqbl/Build/Products/Debug/ArXiv\ Finder.app/Contents/MacOS/ArXiv\ Finder.debug.dylib

    Task input dependencies:
        /Users/rogerlin/Library/Developer/Xcode/DerivedData/ArXiv_Finder-adzcawncfepnrbdfetjnyattsqbl/Build/Products/Debug/ArXiv Finder.app
        /Users/rogerlin/Library/Developer/Xcode/DerivedData/ArXiv_Finder-adzcawncfepnrbdfetjnyattsqbl/Build/Products/Debug/ArXiv Finder.app/Contents/MacOS/ArXiv Finder.debug.dylib
        /Users/rogerlin/Library/Developer/Xcode/DerivedData/ArXiv_Finder-adzcawncfepnrbdfetjnyattsqbl/Build/Products/Debug/ArXiv Finder.app/Contents/Info.plist/
        /Users/rogerlin/XCode-Projects/ArXiv-Finder/ArXiv Finder/ArXiv_Finder.swift/
        /Users/rogerlin/XCode-Projects/ArXiv-Finder/ArXiv Finder/Assets.xcassets/
        /Users/rogerlin/XCode-Projects/ArXiv-Finder/ArXiv Finder/Controllers/ArXivController.swift/
        /Users/rogerlin/XCode-Projects/ArXiv-Finder/ArXiv Finder/Documentation.docc/
        /Users/rogerlin/XCode-Projects/ArXiv-Finder/ArXiv Finder/Managers/CacheManager.swift/
        /Users/rogerlin/XCode-Projects/ArXiv-Finder/ArXiv Finder/Models/ArXivPaper.swift/
        /Users/rogerlin/XCode-Projects/ArXiv-Finder/ArXiv Finder/Services/ArXivService.swift/
        /Users/rogerlin/XCode-Projects/ArXiv-Finder/ArXiv Finder/Views/ArXivPaperRow.swift/
        /Users/rogerlin/XCode-Projects/ArXiv-Finder/ArXiv Finder/Views/MainView.swift/
        /Users/rogerlin/XCode-Projects/ArXiv-Finder/ArXiv Finder/Views/PDFKitView.swift/
        /Users/rogerlin/XCode-Projects/ArXiv-Finder/ArXiv Finder/Views/PaperDetailView.swift/
        /Users/rogerlin/XCode-Projects/ArXiv-Finder/ArXiv Finder/Views/PapersListView.swift/
        /Users/rogerlin/XCode-Projects/ArXiv-Finder/ArXiv Finder/Views/SearchResultsView.swift/
        /Users/rogerlin/XCode-Projects/ArXiv-Finder/ArXiv Finder/Views/SettingsView.swift/
        /Users/rogerlin/XCode-Projects/ArXiv-Finder/ArXiv Finder/Views/SidebarView.swift/

    Task output dependencies:
        /Users/rogerlin/Library/Developer/Xcode/DerivedData/ArXiv_Finder-adzcawncfepnrbdfetjnyattsqbl/Build/Products/Debug/ArXiv Finder.app/Contents/MacOS/ArXiv Finder.debug.dylib

CodeSign /Users/rogerlin/Library/Developer/Xcode/DerivedData/ArXiv_Finder-adzcawncfepnrbdfetjnyattsqbl/Build/Products/Debug/ArXiv\ Finder.app/Contents/MacOS/__preview.dylib (in target 'ArXiv Finder' from project 'ArXiv Finder')
    cd /Users/rogerlin/XCode-Projects/ArXiv-Finder
    
    Signing Identity:     "Apple Development: linroger022@gmail.com (6CHCQ5LN9Z)"
    
    /usr/bin/codesign --force --sign 78534EA7E1C52C11688B14ADF6EFD7D0F078E23C --timestamp\=none --generate-entitlement-der /Users/rogerlin/Library/Developer/Xcode/DerivedData/ArXiv_Finder-adzcawncfepnrbdfetjnyattsqbl/Build/Products/Debug/ArXiv\ Finder.app/Contents/MacOS/__preview.dylib

    Task input dependencies:
        /Users/rogerlin/Library/Developer/Xcode/DerivedData/ArXiv_Finder-adzcawncfepnrbdfetjnyattsqbl/Build/Products/Debug/ArXiv Finder.app
        /Users/rogerlin/Library/Developer/Xcode/DerivedData/ArXiv_Finder-adzcawncfepnrbdfetjnyattsqbl/Build/Products/Debug/ArXiv Finder.app/Contents/MacOS/__preview.dylib
        /Users/rogerlin/Library/Developer/Xcode/DerivedData/ArXiv_Finder-adzcawncfepnrbdfetjnyattsqbl/Build/Products/Debug/ArXiv Finder.app/Contents/Info.plist/
        /Users/rogerlin/XCode-Projects/ArXiv-Finder/ArXiv Finder/ArXiv_Finder.swift/
        /Users/rogerlin/XCode-Projects/ArXiv-Finder/ArXiv Finder/Assets.xcassets/
        /Users/rogerlin/XCode-Projects/ArXiv-Finder/ArXiv Finder/Controllers/ArXivController.swift/
        /Users/rogerlin/XCode-Projects/ArXiv-Finder/ArXiv Finder/Documentation.docc/
        /Users/rogerlin/XCode-Projects/ArXiv-Finder/ArXiv Finder/Managers/CacheManager.swift/
        /Users/rogerlin/XCode-Projects/ArXiv-Finder/ArXiv Finder/Models/ArXivPaper.swift/
        /Users/rogerlin/XCode-Projects/ArXiv-Finder/ArXiv Finder/Services/ArXivService.swift/
        /Users/rogerlin/XCode-Projects/ArXiv-Finder/ArXiv Finder/Views/ArXivPaperRow.swift/
        /Users/rogerlin/XCode-Projects/ArXiv-Finder/ArXiv Finder/Views/MainView.swift/
        /Users/rogerlin/XCode-Projects/ArXiv-Finder/ArXiv Finder/Views/PDFKitView.swift/
        /Users/rogerlin/XCode-Projects/ArXiv-Finder/ArXiv Finder/Views/PaperDetailView.swift/
        /Users/rogerlin/XCode-Projects/ArXiv-Finder/ArXiv Finder/Views/PapersListView.swift/
        /Users/rogerlin/XCode-Projects/ArXiv-Finder/ArXiv Finder/Views/SearchResultsView.swift/
        /Users/rogerlin/XCode-Projects/ArXiv-Finder/ArXiv Finder/Views/SettingsView.swift/
        /Users/rogerlin/XCode-Projects/ArXiv-Finder/ArXiv Finder/Views/SidebarView.swift/

    Task output dependencies:
        /Users/rogerlin/Library/Developer/Xcode/DerivedData/ArXiv_Finder-adzcawncfepnrbdfetjnyattsqbl/Build/Products/Debug/ArXiv Finder.app/Contents/MacOS/__preview.dylib

CodeSign /Users/rogerlin/Library/Developer/Xcode/DerivedData/ArXiv_Finder-adzcawncfepnrbdfetjnyattsqbl/Build/Products/Debug/ArXiv\ Finder.app (in target 'ArXiv Finder' from project 'ArXiv Finder')
    cd /Users/rogerlin/XCode-Projects/ArXiv-Finder
    
    Signing Identity:     "Apple Development: linroger022@gmail.com (6CHCQ5LN9Z)"
    
    /usr/bin/codesign --force --sign 78534EA7E1C52C11688B14ADF6EFD7D0F078E23C --entitlements /Users/rogerlin/Library/Developer/Xcode/DerivedData/ArXiv_Finder-adzcawncfepnrbdfetjnyattsqbl/Build/Intermediates.noindex/ArXiv\ Finder.build/Debug/ArXiv\ Finder.build/ArXiv\ Finder.app.xcent --timestamp\=none --generate-entitlement-der /Users/rogerlin/Library/Developer/Xcode/DerivedData/ArXiv_Finder-adzcawncfepnrbdfetjnyattsqbl/Build/Products/Debug/ArXiv\ Finder.app

    Task input dependencies:
        /Users/rogerlin/Library/Developer/Xcode/DerivedData/ArXiv_Finder-adzcawncfepnrbdfetjnyattsqbl/Build/Products/Debug/ArXiv Finder.app
        /Users/rogerlin/Library/Developer/Xcode/DerivedData/ArXiv_Finder-adzcawncfepnrbdfetjnyattsqbl/Build/Products/Debug/ArXiv Finder.app
        /Users/rogerlin/Library/Developer/Xcode/DerivedData/ArXiv_Finder-adzcawncfepnrbdfetjnyattsqbl/Build/Intermediates.noindex/ArXiv Finder.build/Debug/ArXiv Finder.build/ArXiv Finder.app.xcent/
        /Users/rogerlin/Library/Developer/Xcode/DerivedData/ArXiv_Finder-adzcawncfepnrbdfetjnyattsqbl/Build/Products/Debug/ArXiv Finder.app/Contents/Info.plist/
        /Users/rogerlin/XCode-Projects/ArXiv-Finder/ArXiv Finder/ArXiv_Finder.swift/
        /Users/rogerlin/XCode-Projects/ArXiv-Finder/ArXiv Finder/Assets.xcassets/
        /Users/rogerlin/XCode-Projects/ArXiv-Finder/ArXiv Finder/Controllers/ArXivController.swift/
        /Users/rogerlin/XCode-Projects/ArXiv-Finder/ArXiv Finder/Documentation.docc/
        /Users/rogerlin/XCode-Projects/ArXiv-Finder/ArXiv Finder/Managers/CacheManager.swift/
        /Users/rogerlin/XCode-Projects/ArXiv-Finder/ArXiv Finder/Models/ArXivPaper.swift/
        /Users/rogerlin/XCode-Projects/ArXiv-Finder/ArXiv Finder/Services/ArXivService.swift/
        /Users/rogerlin/XCode-Projects/ArXiv-Finder/ArXiv Finder/Views/ArXivPaperRow.swift/
        /Users/rogerlin/XCode-Projects/ArXiv-Finder/ArXiv Finder/Views/MainView.swift/
        /Users/rogerlin/XCode-Projects/ArXiv-Finder/ArXiv Finder/Views/PDFKitView.swift/
        /Users/rogerlin/XCode-Projects/ArXiv-Finder/ArXiv Finder/Views/PaperDetailView.swift/
        /Users/rogerlin/XCode-Projects/ArXiv-Finder/ArXiv Finder/Views/PapersListView.swift/
        /Users/rogerlin/XCode-Projects/ArXiv-Finder/ArXiv Finder/Views/SearchResultsView.swift/
        /Users/rogerlin/XCode-Projects/ArXiv-Finder/ArXiv Finder/Views/SettingsView.swift/
        /Users/rogerlin/XCode-Projects/ArXiv-Finder/ArXiv Finder/Views/SidebarView.swift/
        /Users/rogerlin/Library/Developer/Xcode/DerivedData/ArXiv_Finder-adzcawncfepnrbdfetjnyattsqbl/Build/Products/Debug/ArXiv Finder.app/Contents/MacOS/ArXiv Finder

    Task output dependencies:
        /Users/rogerlin/Library/Developer/Xcode/DerivedData/ArXiv_Finder-adzcawncfepnrbdfetjnyattsqbl/Build/Products/Debug/ArXiv Finder.app
        /Users/rogerlin/Library/Developer/Xcode/DerivedData/ArXiv_Finder-adzcawncfepnrbdfetjnyattsqbl/Build/Products/Debug/ArXiv Finder.app/Contents/MacOS/ArXiv Finder
        /Users/rogerlin/Library/Developer/Xcode/DerivedData/ArXiv_Finder-adzcawncfepnrbdfetjnyattsqbl/Build/Products/Debug/ArXiv Finder.app/_CodeSignature

Validate /Users/rogerlin/Library/Developer/Xcode/DerivedData/ArXiv_Finder-adzcawncfepnrbdfetjnyattsqbl/Build/Products/Debug/ArXiv\ Finder.app (in target 'ArXiv Finder' from project 'ArXiv Finder')
    cd /Users/rogerlin/XCode-Projects/ArXiv-Finder
    builtin-validationUtility /Users/rogerlin/Library/Developer/Xcode/DerivedData/ArXiv_Finder-adzcawncfepnrbdfetjnyattsqbl/Build/Products/Debug/ArXiv\ Finder.app -no-validate-extension -infoplist-subpath Contents/Info.plist

    Task input dependencies:
        /Users/rogerlin/Library/Developer/Xcode/DerivedData/ArXiv_Finder-adzcawncfepnrbdfetjnyattsqbl/Build/Products/Debug/ArXiv Finder.app
        /Users/rogerlin/Library/Developer/Xcode/DerivedData/ArXiv_Finder-adzcawncfepnrbdfetjnyattsqbl/Build/Products/Debug/ArXiv Finder.app/Contents/Info.plist

    Task output dependencies:
        /Users/rogerlin/Library/Developer/Xcode/DerivedData/ArXiv_Finder-adzcawncfepnrbdfetjnyattsqbl/Build/Products/Debug/ArXiv Finder.app

RegisterWithLaunchServices /Users/rogerlin/Library/Developer/Xcode/DerivedData/ArXiv_Finder-adzcawncfepnrbdfetjnyattsqbl/Build/Products/Debug/ArXiv\ Finder.app (in target 'ArXiv Finder' from project 'ArXiv Finder')
    cd /Users/rogerlin/XCode-Projects/ArXiv-Finder
    /System/Library/Frameworks/CoreServices.framework/Versions/Current/Frameworks/LaunchServices.framework/Versions/Current/Support/lsregister -f -R -trusted /Users/rogerlin/Library/Developer/Xcode/DerivedData/ArXiv_Finder-adzcawncfepnrbdfetjnyattsqbl/Build/Products/Debug/ArXiv\ Finder.app

    Task input dependencies:
        /Users/rogerlin/Library/Developer/Xcode/DerivedData/ArXiv_Finder-adzcawncfepnrbdfetjnyattsqbl/Build/Products/Debug/ArXiv Finder.app

    Task output dependencies:
        /Users/rogerlin/Library/Developer/Xcode/DerivedData/ArXiv_Finder-adzcawncfepnrbdfetjnyattsqbl/Build/Products/Debug/ArXiv Finder.app

note: build debugging is enabled, completed trace: '/Users/rogerlin/Library/Developer/Xcode/DerivedData/ArXiv_Finder-adzcawncfepnrbdfetjnyattsqbl/Build/Intermediates.noindex/XCBuildData/buildDebugging-1765504026.697628/completed-build.trace'
note: build debugging is enabled, completed database: '/Users/rogerlin/Library/Developer/Xcode/DerivedData/ArXiv_Finder-adzcawncfepnrbdfetjnyattsqbl/Build/Intermediates.noindex/XCBuildData/buildDebugging-1765504026.697628/completed-build.db'
note: Attempting to load build description from disk
note: Constructing description
** BUILD SUCCEEDED **

